data/sales.csv
Date,StoreID,ProductID,QuantitySold,SalesPrice,HasPromotion
2025-09-22,S002,SKU_BAN01,19,1.17,0
2025-09-23,S002,SKU_BAN01,20,1.17,0
2025-09-24,S002,SKU_BAN01,19,1.17,0
2025-09-25,S002,SKU_BAN01,15,1.17,0
2025-09-26,S002,SKU_BAN01,11,1.17,0
2025-09-27,S002,SKU_BAN01,17,1.17,0
2025-09-28,S002,SKU_BAN01,23,1.17,0
2025-09-29,S002,SKU_BAN01,16,0.99,1
2025-09-30,S002,SKU_BAN01,17,0.99,1
2025-10-01,S002,SKU_BAN01,17,0.99,1
2025-10-02,S002,SKU_BAN01,23,0.99,1
2025-10-03,S002,SKU_BAN01,18,0.99,1
2025-10-04,S002,SKU_BAN01,18,0.99,1
2025-10-05,S002,SKU_BAN01,20,0.99,1
2025-10-06,S002,SKU_BAN01,15,1.17,0
2025-10-07,S002,SKU_BAN01,17,1.17,0
2025-10-08,S002,SKU_BAN01,25,1.17,0
2025-10-09,S002,SKU_BAN01,14,1.17,0
2025-10-10,S002,SKU_BAN01,24,1.17,0
2025-10-11,S002,SKU_BAN01,15,1.17,0
2025-10-12,S002,SKU_BAN01,23,1.17,0
2025-10-13,S002,SKU_BAN01,23,1.17,0
2025-10-14,S002,SKU_BAN01,20,1.17,0
2025-10-15,S002,SKU_BAN01,24,1.17,0
2025-09-22,S002,SKU_BAN02,24,1.23,0
2025-09-23,S002,SKU_BAN02,16,1.23,0
2025-09-24,S002,SKU_BAN02,20,1.23,0
2025-09-25,S002,SKU_BAN02,21,1.23,0
2025-09-26,S002,SKU_BAN02,19,1.23,0
2025-09-27,S002,SKU_BAN02,24,1.23,0
2025-09-28,S002,SKU_BAN02,26,1.23,0
2025-09-29,S002,SKU_BAN02,11,1.23,0
2025-09-30,S002,SKU_BAN02,21,1.23,0
2025-10-01,S002,SKU_BAN02,21,1.23,0
2025-10-02,S002,SKU_BAN02,20,1.23,0
2025-10-03,S002,SKU_BAN02,23,1.23,0
2025-10-04,S002,SKU_BAN02,13,1.23,0
2025-10-05,S002,SKU_BAN02,22,1.23,0
2025-10-06,S002,SKU_BAN02,16,0.92,1
2025-10-07,S002,SKU_BAN02,23,0.92,1
2025-10-08,S002,SKU_BAN02,22,0.92,1
2025-10-09,S002,SKU_BAN02,19,0.92,1
2025-10-10,S002,SKU_BAN02,18,0.92,1
2025-10-11,S002,SKU_BAN02,30,0.92,1
2025-10-12,S002,SKU_BAN02,22,0.92,1
2025-10-13,S002,SKU_BAN02,10,1.23,0
2025-10-14,S002,SKU_BAN02,19,1.23,0
2025-10-15,S002,SKU_BAN02,18,1.23,0
2025-09-22,S002,SKU_BAN03,19,1.22,0
2025-09-23,S002,SKU_BAN03,24,1.22,0
2025-09-24,S002,SKU_BAN03,17,1.22,0
2025-09-25,S002,SKU_BAN03,13,1.22,0
2025-09-26,S002,SKU_BAN03,13,1.22,0
2025-09-27,S002,SKU_BAN03,18,1.22,0
2025-09-28,S002,SKU_BAN03,19,1.22,0
2025-09-29,S002,SKU_BAN03,28,0.92,1
2025-09-30,S002,SKU_BAN03,17,0.92,1
2025-10-01,S002,SKU_BAN03,22,0.92,1
2025-10-02,S002,SKU_BAN03,20,0.92,1
2025-10-03,S002,SKU_BAN03,26,0.92,1
2025-10-04,S002,SKU_BAN03,29,0.92,1
2025-10-05,S002,SKU_BAN03,27,0.92,1
2025-10-06,S002,SKU_BAN03,15,1.22,0
2025-10-07,S002,SKU_BAN03,17,1.22,0
2025-10-08,S002,SKU_BAN03,11,1.22,0
2025-10-09,S002,SKU_BAN03,14,1.22,0
2025-10-10,S002,SKU_BAN03,16,1.22,0
2025-10-11,S002,SKU_BAN03,24,1.22,0
2025-10-12,S002,SKU_BAN03,10,1.22,0
2025-10-13,S002,SKU_BAN03,27,1.22,0
2025-10-14,S002,SKU_BAN03,16,1.22,0
2025-10-15,S002,SKU_BAN03,17,1.22,0
2025-09-22,S002,SKU_BAN04,21,1.06,0
2025-09-23,S002,SKU_BAN04,25,1.06,0
2025-09-24,S002,SKU_BAN04,18,1.06,0
2025-09-25,S002,SKU_BAN04,14,1.06,0
2025-09-26,S002,SKU_BAN04,23,1.06,0
2025-09-27,S002,SKU_BAN04,27,1.06,0
2025-09-28,S002,SKU_BAN04,17,1.06,0
2025-09-29,S002,SKU_BAN04,15,0.85,1
2025-09-30,S002,SKU_BAN04,19,0.85,1
2025-10-01,S002,SKU_BAN04,27,0.85,1
2025-10-02,S002,SKU_BAN04,24,0.85,1
2025-10-03,S002,SKU_BAN04,22,0.85,1
2025-10-04,S002,SKU_BAN04,30,0.85,1
2025-10-05,S002,SKU_BAN04,22,0.85,1
2025-10-06,S002,SKU_BAN04,18,1.06,0
2025-10-07,S002,SKU_BAN04,17,1.06,0
2025-10-08,S002,SKU_BAN04,20,1.06,0
2025-10-09,S002,SKU_BAN04,25,1.06,0
2025-10-10,S002,SKU_BAN04,14,1.06,0
2025-10-11,S002,SKU_BAN04,24,1.06,0
2025-10-12,S002,SKU_BAN04,27,1.06,0
2025-10-13,S002,SKU_BAN04,15,1.06,0
2025-10-14,S002,SKU_BAN04,14,1.06,0
2025-10-15,S002,SKU_BAN04,14,1.06,0
2025-09-22,S002,SKU_CIT01,10,2.1,0
2025-09-23,S002,SKU_CIT01,10,2.1,0
2025-09-24,S002,SKU_CIT01,13,2.1,0
2025-09-25,S002,SKU_CIT01,9,2.1,0
2025-09-26,S002,SKU_CIT01,8,2.1,0
2025-09-27,S002,SKU_CIT01,12,2.1,0
2025-09-28,S002,SKU_CIT01,15,2.1,0
2025-09-29,S002,SKU_CIT01,6,1.68,1
2025-09-30,S002,SKU_CIT01,6,1.68,1
2025-10-01,S002,SKU_CIT01,7,1.68,1
2025-10-02,S002,SKU_CIT01,8,1.68,1
2025-10-03,S002,SKU_CIT01,12,1.68,1
2025-10-04,S002,SKU_CIT01,13,1.68,1
2025-10-05,S002,SKU_CIT01,7,1.68,1
2025-10-06,S002,SKU_CIT01,7,2.1,0
2025-10-07,S002,SKU_CIT01,6,2.1,0
2025-10-08,S002,SKU_CIT01,8,2.1,0
2025-10-09,S002,SKU_CIT01,6,2.1,0
2025-10-10,S002,SKU_CIT01,8,2.1,0
2025-10-11,S002,SKU_CIT01,6,2.1,0
2025-10-12,S002,SKU_CIT01,20,2.1,0
2025-10-13,S002,SKU_CIT01,11,2.1,0
2025-10-14,S002,SKU_CIT01,8,2.1,0
2025-10-15,S002,SKU_CIT01,8,2.1,0
2025-09-22,S002,SKU_CIT04,7,2.03,0
2025-09-23,S002,SKU_CIT04,10,2.03,0
2025-09-24,S002,SKU_CIT04,8,2.03,0
2025-09-25,S002,SKU_CIT04,6,2.03,0
2025-09-26,S002,SKU_CIT04,11,2.03,0
2025-09-27,S002,SKU_CIT04,10,2.03,0
2025-09-28,S002,SKU_CIT04,12,2.03,0
2025-09-29,S002,SKU_CIT04,9,1.83,1
2025-09-30,S002,SKU_CIT04,12,1.83,1
2025-10-01,S002,SKU_CIT04,11,1.83,1
2025-10-02,S002,SKU_CIT04,5,1.83,1
2025-10-03,S002,SKU_CIT04,12,1.83,1
2025-10-04,S002,SKU_CIT04,9,1.83,1
2025-10-05,S002,SKU_CIT04,7,1.83,1
2025-10-06,S002,SKU_CIT04,11,2.03,0
2025-10-07,S002,SKU_CIT04,17,2.03,0
2025-10-08,S002,SKU_CIT04,9,2.03,0
2025-10-09,S002,SKU_CIT04,8,2.03,0
2025-10-10,S002,SKU_CIT04,8,2.03,0
2025-10-11,S002,SKU_CIT04,11,2.03,0
2025-10-12,S002,SKU_CIT04,13,2.03,0
2025-10-13,S002,SKU_CIT04,8,2.03,0
2025-10-14,S002,SKU_CIT04,10,2.03,0
2025-10-15,S002,SKU_CIT04,5,2.03,0
2025-09-22,S002,SKU_TOM01,13,2.14,0
2025-09-23,S002,SKU_TOM01,26,2.14,0
2025-09-24,S002,SKU_TOM01,19,2.14,0
2025-09-25,S002,SKU_TOM01,8,2.14,0
2025-09-26,S002,SKU_TOM01,17,2.14,0
2025-09-27,S002,SKU_TOM01,19,2.14,0
2025-09-28,S002,SKU_TOM01,17,2.14,0
2025-09-29,S002,SKU_TOM01,15,2.14,0
2025-09-30,S002,SKU_TOM01,15,2.14,0
2025-10-01,S002,SKU_TOM01,12,2.14,0
2025-10-02,S002,SKU_TOM01,18,2.14,0
2025-10-03,S002,SKU_TOM01,20,2.14,0
2025-10-04,S002,SKU_TOM01,23,2.14,0
2025-10-05,S002,SKU_TOM01,16,2.14,0
2025-10-06,S002,SKU_TOM01,25,1.6,1
2025-10-07,S002,SKU_TOM01,13,1.6,1
2025-10-08,S002,SKU_TOM01,22,1.6,1
2025-10-09,S002,SKU_TOM01,25,1.6,1
2025-10-10,S002,SKU_TOM01,25,1.6,1
2025-10-11,S002,SKU_TOM01,20,1.6,1
2025-10-12,S002,SKU_TOM01,18,1.6,1
2025-10-13,S002,SKU_TOM01,18,2.14,0
2025-10-14,S002,SKU_TOM01,8,2.14,0
2025-10-15,S002,SKU_TOM01,13,2.14,0
2025-09-22,S002,SKU_TOM02,25,2.05,0
2025-09-23,S002,SKU_TOM02,19,2.05,0
2025-09-24,S002,SKU_TOM02,18,2.05,0
2025-09-25,S002,SKU_TOM02,10,2.05,0
2025-09-26,S002,SKU_TOM02,10,2.05,0
2025-09-27,S002,SKU_TOM02,14,2.05,0
2025-09-28,S002,SKU_TOM02,14,2.05,0
2025-09-29,S002,SKU_TOM02,21,2.05,0
2025-09-30,S002,SKU_TOM02,21,2.05,0
2025-10-01,S002,SKU_TOM02,16,2.05,0
2025-10-02,S002,SKU_TOM02,16,2.05,0
2025-10-03,S002,SKU_TOM02,16,2.05,0
2025-10-04,S002,SKU_TOM02,15,2.05,0
2025-10-05,S002,SKU_TOM02,21,2.05,0
2025-10-06,S002,SKU_TOM02,13,1.54,1
2025-10-07,S002,SKU_TOM02,32,1.54,1
2025-10-08,S002,SKU_TOM02,22,1.54,1
2025-10-09,S002,SKU_TOM02,17,1.54,1
2025-10-10,S002,SKU_TOM02,18,1.54,1
2025-10-11,S002,SKU_TOM02,21,1.54,1
2025-10-12,S002,SKU_TOM02,24,1.54,1
2025-10-13,S002,SKU_TOM02,18,2.05,0
2025-10-14,S002,SKU_TOM02,11,2.05,0
2025-10-15,S002,SKU_TOM02,16,2.05,0
2025-09-22,S002,SKU_TOM03,12,2.28,0
2025-09-23,S002,SKU_TOM03,17,2.28,0
2025-09-24,S002,SKU_TOM03,18,2.28,0
2025-09-25,S002,SKU_TOM03,12,2.28,0
2025-09-26,S002,SKU_TOM03,15,2.28,0
2025-09-27,S002,SKU_TOM03,11,2.28,0
2025-09-28,S002,SKU_TOM03,22,2.28,0
2025-09-29,S002,SKU_TOM03,9,2.28,0
2025-09-30,S002,SKU_TOM03,18,2.28,0
2025-10-01,S002,SKU_TOM03,16,2.28,0
2025-10-02,S002,SKU_TOM03,17,2.28,0
2025-10-03,S002,SKU_TOM03,23,2.28,0
2025-10-04,S002,SKU_TOM03,18,2.28,0
2025-10-05,S002,SKU_TOM03,22,2.28,0
2025-10-06,S002,SKU_TOM03,19,2.05,1
2025-10-07,S002,SKU_TOM03,23,2.05,1
2025-10-08,S002,SKU_TOM03,19,2.05,1
2025-10-09,S002,SKU_TOM03,18,2.05,1
2025-10-10,S002,SKU_TOM03,18,2.05,1
2025-10-11,S002,SKU_TOM03,23,2.05,1
2025-10-12,S002,SKU_TOM03,23,2.05,1
2025-10-13,S002,SKU_TOM03,15,2.28,0
2025-10-14,S002,SKU_TOM03,11,2.28,0
2025-10-15,S002,SKU_TOM03,16,2.28,0
2025-09-22,S002,SKU_ROO01,13,1.41,0
2025-09-23,S002,SKU_ROO01,24,1.41,0
2025-09-24,S002,SKU_ROO01,18,1.41,0
2025-09-25,S002,SKU_ROO01,14,1.41,0
2025-09-26,S002,SKU_ROO01,20,1.41,0
2025-09-27,S002,SKU_ROO01,21,1.41,0
2025-09-28,S002,SKU_ROO01,20,1.41,0
2025-09-29,S002,SKU_ROO01,15,1.41,0
2025-09-30,S002,SKU_ROO01,11,1.41,0
2025-10-01,S002,SKU_ROO01,8,1.41,0
2025-10-02,S002,SKU_ROO01,16,1.41,0
2025-10-03,S002,SKU_ROO01,14,1.41,0
2025-10-04,S002,SKU_ROO01,14,1.41,0
2025-10-05,S002,SKU_ROO01,15,1.41,0
2025-10-06,S002,SKU_ROO01,14,1.2,1
2025-10-07,S002,SKU_ROO01,17,1.2,1
2025-10-08,S002,SKU_ROO01,15,1.2,1
2025-10-09,S002,SKU_ROO01,19,1.2,1
2025-10-10,S002,SKU_ROO01,18,1.2,1
2025-10-11,S002,SKU_ROO01,17,1.2,1
2025-10-12,S002,SKU_ROO01,22,1.2,1
2025-10-13,S002,SKU_ROO01,16,1.41,0
2025-10-14,S002,SKU_ROO01,14,1.41,0
2025-10-15,S002,SKU_ROO01,21,1.41,0
2025-09-22,S002,SKU_ROO02,21,1.57,0
2025-09-23,S002,SKU_ROO02,14,1.57,0
2025-09-24,S002,SKU_ROO02,10,1.57,0
2025-09-25,S002,SKU_ROO02,10,1.57,0
2025-09-26,S002,SKU_ROO02,17,1.57,0
2025-09-27,S002,SKU_ROO02,16,1.57,0
2025-09-28,S002,SKU_ROO02,11,1.57,0
2025-09-29,S002,SKU_ROO02,12,1.41,1
2025-09-30,S002,SKU_ROO02,17,1.41,1
2025-10-01,S002,SKU_ROO02,13,1.41,1
2025-10-02,S002,SKU_ROO02,17,1.41,1
2025-10-03,S002,SKU_ROO02,14,1.41,1
2025-10-04,S002,SKU_ROO02,15,1.41,1
2025-10-05,S002,SKU_ROO02,16,1.41,1
2025-10-06,S002,SKU_ROO02,11,1.57,0
2025-10-07,S002,SKU_ROO02,14,1.57,0
2025-10-08,S002,SKU_ROO02,14,1.57,0
2025-10-09,S002,SKU_ROO02,12,1.57,0
2025-10-10,S002,SKU_ROO02,10,1.57,0
2025-10-11,S002,SKU_ROO02,18,1.57,0
2025-10-12,S002,SKU_ROO02,17,1.57,0
2025-10-13,S002,SKU_ROO02,11,1.57,0
2025-10-14,S002,SKU_ROO02,15,1.57,0
2025-10-15,S002,SKU_ROO02,15,1.57,0
2025-09-22,S002,SKU_ROO03,17,1.53,0
2025-09-23,S002,SKU_ROO03,13,1.53,0
2025-09-24,S002,SKU_ROO03,11,1.53,0
2025-09-25,S002,SKU_ROO03,13,1.53,0
2025-09-26,S002,SKU_ROO03,19,1.53,0
2025-09-27,S002,SKU_ROO03,22,1.53,0
2025-09-28,S002,SKU_ROO03,14,1.53,0
2025-09-29,S002,SKU_ROO03,14,1.53,0
2025-09-30,S002,SKU_ROO03,17,1.53,0
2025-10-01,S002,SKU_ROO03,16,1.53,0
2025-10-02,S002,SKU_ROO03,23,1.53,0
2025-10-03,S002,SKU_ROO03,11,1.53,0
2025-10-04,S002,SKU_ROO03,19,1.53,0
2025-10-05,S002,SKU_ROO03,12,1.53,0
2025-10-06,S002,SKU_ROO03,21,1.23,1
2025-10-07,S002,SKU_ROO03,15,1.23,1
2025-10-08,S002,SKU_ROO03,23,1.23,1
2025-10-09,S002,SKU_ROO03,18,1.23,1
2025-10-10,S002,SKU_ROO03,13,1.23,1
2025-10-11,S002,SKU_ROO03,17,1.23,1
2025-10-12,S002,SKU_ROO03,20,1.23,1
2025-10-13,S002,SKU_ROO03,17,1.53,0
2025-10-14,S002,SKU_ROO03,16,1.53,0
2025-10-15,S002,SKU_ROO03,17,1.53,0
2025-09-22,S003,SKU_BER04,8,2.43,0
2025-09-23,S003,SKU_BER04,5,2.43,0
2025-09-24,S003,SKU_BER04,12,2.43,0
2025-09-25,S003,SKU_BER04,10,2.43,0
2025-09-26,S003,SKU_BER04,20,2.43,0
2025-09-27,S003,SKU_BER04,11,2.43,0
2025-09-28,S003,SKU_BER04,10,2.43,0
2025-09-29,S003,SKU_BER04,13,2.18,1
2025-09-30,S003,SKU_BER04,11,2.18,1
2025-10-01,S003,SKU_BER04,5,2.18,1
2025-10-02,S003,SKU_BER04,13,2.18,1
2025-10-03,S003,SKU_BER04,10,2.18,1
2025-10-04,S003,SKU_BER04,12,2.18,1
2025-10-05,S003,SKU_BER04,15,2.18,1
2025-10-06,S003,SKU_BER04,15,2.43,0
2025-10-07,S003,SKU_BER04,8,2.43,0
2025-10-08,S003,SKU_BER04,18,2.43,0
2025-10-09,S003,SKU_BER04,13,2.43,0
2025-10-10,S003,SKU_BER04,17,2.43,0
2025-10-11,S003,SKU_BER04,9,2.43,0
2025-10-12,S003,SKU_BER04,10,2.43,0
2025-10-13,S003,SKU_BER04,8,2.43,0
2025-10-14,S003,SKU_BER04,13,2.43,0
2025-10-15,S003,SKU_BER04,18,2.43,0
2025-09-22,S003,SKU_LEA02,12,1.71,0
2025-09-23,S003,SKU_LEA02,13,1.71,0
2025-09-24,S003,SKU_LEA02,13,1.71,0
2025-09-25,S003,SKU_LEA02,12,1.71,0
2025-09-26,S003,SKU_LEA02,12,1.71,0
2025-09-27,S003,SKU_LEA02,15,1.71,0
2025-09-28,S003,SKU_LEA02,23,1.71,0
2025-09-29,S003,SKU_LEA02,11,1.37,1
2025-09-30,S003,SKU_LEA02,13,1.37,1
2025-10-01,S003,SKU_LEA02,22,1.37,1
2025-10-02,S003,SKU_LEA02,8,1.37,1
2025-10-03,S003,SKU_LEA02,20,1.37,1
2025-10-04,S003,SKU_LEA02,14,1.37,1
2025-10-05,S003,SKU_LEA02,17,1.37,1
2025-10-06,S003,SKU_LEA02,20,1.71,0
2025-10-07,S003,SKU_LEA02,8,1.71,0
2025-10-08,S003,SKU_LEA02,16,1.71,0
2025-10-09,S003,SKU_LEA02,13,1.71,0
2025-10-10,S003,SKU_LEA02,16,1.71,0
2025-10-11,S003,SKU_LEA02,11,1.71,0
2025-10-12,S003,SKU_LEA02,9,1.71,0
2025-10-13,S003,SKU_LEA02,14,1.71,0
2025-10-14,S003,SKU_LEA02,14,1.71,0
2025-10-15,S003,SKU_LEA02,13,1.71,0
2025-09-22,S003,SKU_LEA03,19,1.71,0
2025-09-23,S003,SKU_LEA03,8,1.71,0
2025-09-24,S003,SKU_LEA03,16,1.71,0
2025-09-25,S003,SKU_LEA03,22,1.71,0
2025-09-26,S003,SKU_LEA03,21,1.71,0
2025-09-27,S003,SKU_LEA03,11,1.71,0
2025-09-28,S003,SKU_LEA03,19,1.71,0
2025-09-29,S003,SKU_LEA03,5,1.71,0
2025-09-30,S003,SKU_LEA03,16,1.71,0
2025-10-01,S003,SKU_LEA03,14,1.71,0
2025-10-02,S003,SKU_LEA03,19,1.71,0
2025-10-03,S003,SKU_LEA03,14,1.71,0
2025-10-04,S003,SKU_LEA03,17,1.71,0
2025-10-05,S003,SKU_LEA03,12,1.71,0
2025-10-06,S003,SKU_LEA03,18,1.53,1
2025-10-07,S003,SKU_LEA03,12,1.53,1
2025-10-08,S003,SKU_LEA03,17,1.53,1
2025-10-09,S003,SKU_LEA03,19,1.53,1
2025-10-10,S003,SKU_LEA03,18,1.53,1
2025-10-11,S003,SKU_LEA03,11,1.53,1
2025-10-12,S003,SKU_LEA03,18,1.53,1
2025-10-13,S003,SKU_LEA03,12,1.71,0
2025-10-14,S003,SKU_LEA03,11,1.71,0
2025-10-15,S003,SKU_LEA03,11,1.71,0
2025-09-22,S003,SKU_LEA04,15,1.88,0
2025-09-23,S003,SKU_LEA04,12,1.88,0
2025-09-24,S003,SKU_LEA04,16,1.88,0
2025-09-25,S003,SKU_LEA04,10,1.88,0
2025-09-26,S003,SKU_LEA04,14,1.88,0
2025-09-27,S003,SKU_LEA04,20,1.88,0
2025-09-28,S003,SKU_LEA04,16,1.88,0
2025-09-29,S003,SKU_LEA04,10,1.6,1
2025-09-30,S003,SKU_LEA04,18,1.6,1
2025-10-01,S003,SKU_LEA04,13,1.6,1
2025-10-02,S003,SKU_LEA04,17,1.6,1
2025-10-03,S003,SKU_LEA04,13,1.6,1
2025-10-04,S003,SKU_LEA04,17,1.6,1
2025-10-05,S003,SKU_LEA04,14,1.6,1
2025-10-06,S003,SKU_LEA04,5,1.88,0
2025-10-07,S003,SKU_LEA04,12,1.88,0
2025-10-08,S003,SKU_LEA04,12,1.88,0
2025-10-09,S003,SKU_LEA04,24,1.88,0
2025-10-10,S003,SKU_LEA04,10,1.88,0
2025-10-11,S003,SKU_LEA04,20,1.88,0
2025-10-12,S003,SKU_LEA04,21,1.88,0
2025-10-13,S003,SKU_LEA04,20,1.88,0
2025-10-14,S003,SKU_LEA04,21,1.88,0
2025-10-15,S003,SKU_LEA04,17,1.88,0
2025-09-22,S003,SKU_BAN01,23,1.17,0
2025-09-23,S003,SKU_BAN01,15,1.17,0
2025-09-24,S003,SKU_BAN01,22,1.17,0
2025-09-25,S003,SKU_BAN01,18,1.17,0
2025-09-26,S003,SKU_BAN01,15,1.17,0
2025-09-27,S003,SKU_BAN01,11,1.17,0
2025-09-28,S003,SKU_BAN01,15,1.17,0
2025-09-29,S003,SKU_BAN01,18,0.99,1
2025-09-30,S003,SKU_BAN01,19,0.99,1
2025-10-01,S003,SKU_BAN01,16,0.99,1
2025-10-02,S003,SKU_BAN01,19,0.99,1
2025-10-03,S003,SKU_BAN01,19,0.99,1
2025-10-04,S003,SKU_BAN01,29,0.99,1
2025-10-05,S003,SKU_BAN01,18,0.99,1
2025-10-06,S003,SKU_BAN01,23,1.17,0
2025-10-07,S003,SKU_BAN01,15,1.17,0
2025-10-08,S003,SKU_BAN01,8,1.17,0
2025-10-09,S003,SKU_BAN01,18,1.17,0
2025-10-10,S003,SKU_BAN01,22,1.17,0
2025-10-11,S003,SKU_BAN01,21,1.17,0
2025-10-12,S003,SKU_BAN01,18,1.17,0
2025-10-13,S003,SKU_BAN01,15,1.17,0
2025-10-14,S003,SKU_BAN01,17,1.17,0
2025-10-15,S003,SKU_BAN01,21,1.17,0
2025-09-22,S003,SKU_BAN02,26,1.23,0
2025-09-23,S003,SKU_BAN02,21,1.23,0
2025-09-24,S003,SKU_BAN02,23,1.23,0
2025-09-25,S003,SKU_BAN02,17,1.23,0
2025-09-26,S003,SKU_BAN02,18,1.23,0
2025-09-27,S003,SKU_BAN02,27,1.23,0
2025-09-28,S003,SKU_BAN02,17,1.23,0
2025-09-29,S003,SKU_BAN02,19,1.23,0
2025-09-30,S003,SKU_BAN02,26,1.23,0
2025-10-01,S003,SKU_BAN02,20,1.23,0
2025-10-02,S003,SKU_BAN02,19,1.23,0
2025-10-03,S003,SKU_BAN02,19,1.23,0
2025-10-04,S003,SKU_BAN02,19,1.23,0
2025-10-05,S003,SKU_BAN02,16,1.23,0
2025-10-06,S003,SKU_BAN02,31,0.92,1
2025-10-07,S003,SKU_BAN02,20,0.92,1
2025-10-08,S003,SKU_BAN02,17,0.92,1
2025-10-09,S003,SKU_BAN02,23,0.92,1
2025-10-10,S003,SKU_BAN02,25,0.92,1
2025-10-11,S003,SKU_BAN02,27,0.92,1
2025-10-12,S003,SKU_BAN02,29,0.92,1
2025-10-13,S003,SKU_BAN02,23,1.23,0
2025-10-14,S003,SKU_BAN02,23,1.23,0
2025-10-15,S003,SKU_BAN02,17,1.23,0
2025-09-22,S003,SKU_BAN03,21,1.22,0
2025-09-23,S003,SKU_BAN03,19,1.22,0
2025-09-24,S003,SKU_BAN03,15,1.22,0
2025-09-25,S003,SKU_BAN03,17,1.22,0
2025-09-26,S003,SKU_BAN03,22,1.22,0
2025-09-27,S003,SKU_BAN03,29,1.22,0
2025-09-28,S003,SKU_BAN03,16,1.22,0
2025-09-29,S003,SKU_BAN03,13,0.92,1
2025-09-30,S003,SKU_BAN03,33,0.92,1
2025-10-01,S003,SKU_BAN03,15,0.92,1
2025-10-02,S003,SKU_BAN03,21,0.92,1
2025-10-03,S003,SKU_BAN03,15,0.92,1
2025-10-04,S003,SKU_BAN03,36,0.92,1
2025-10-05,S003,SKU_BAN03,23,0.92,1
2025-10-06,S003,SKU_BAN03,16,1.22,0
2025-10-07,S003,SKU_BAN03,12,1.22,0
2025-10-08,S003,SKU_BAN03,21,1.22,0
2025-10-09,S003,SKU_BAN03,11,1.22,0
2025-10-10,S003,SKU_BAN03,13,1.22,0
2025-10-11,S003,SKU_BAN03,23,1.22,0
2025-10-12,S003,SKU_BAN03,20,1.22,0
2025-10-13,S003,SKU_BAN03,17,1.22,0
2025-10-14,S003,SKU_BAN03,24,1.22,0
2025-10-15,S003,SKU_BAN03,22,1.22,0
2025-09-22,S003,SKU_BAN04,24,1.06,0
2025-09-23,S003,SKU_BAN04,16,1.06,0
2025-09-24,S003,SKU_BAN04,21,1.06,0
2025-09-25,S003,SKU_BAN04,25,1.06,0
2025-09-26,S003,SKU_BAN04,16,1.06,0
2025-09-27,S003,SKU_BAN04,34,1.06,0
2025-09-28,S003,SKU_BAN04,24,1.06,0
2025-09-29,S003,SKU_BAN04,35,0.85,1
2025-09-30,S003,SKU_BAN04,13,0.85,1
2025-10-01,S003,SKU_BAN04,21,0.85,1
2025-10-02,S003,SKU_BAN04,26,0.85,1
2025-10-03,S003,SKU_BAN04,25,0.85,1
2025-10-04,S003,SKU_BAN04,30,0.85,1
2025-10-05,S003,SKU_BAN04,21,0.85,1
2025-10-06,S003,SKU_BAN04,22,1.06,0
2025-10-07,S003,SKU_BAN04,18,1.06,0
2025-10-08,S003,SKU_BAN04,20,1.06,0
2025-10-09,S003,SKU_BAN04,22,1.06,0
2025-10-10,S003,SKU_BAN04,14,1.06,0
2025-10-11,S003,SKU_BAN04,19,1.06,0
2025-10-12,S003,SKU_BAN04,28,1.06,0
2025-10-13,S003,SKU_BAN04,23,1.06,0
2025-10-14,S003,SKU_BAN04,17,1.06,0
2025-10-15,S003,SKU_BAN04,20,1.06,0
