data/sales.csv
Date,StoreID,ProductID,QuantitySold,SalesPrice,HasPromotion
2025-09-22,S008,SKU_TOM01,18,2.14,0
2025-09-23,S008,SKU_TOM01,22,2.14,0
2025-09-24,S008,SKU_TOM01,13,2.14,0
2025-09-25,S008,SKU_TOM01,19,2.14,0
2025-09-26,S008,SKU_TOM01,12,2.14,0
2025-09-27,S008,SKU_TOM01,25,2.14,0
2025-09-28,S008,SKU_TOM01,16,2.14,0
2025-09-29,S008,SKU_TOM01,10,2.14,0
2025-09-30,S008,SKU_TOM01,22,2.14,0
2025-10-01,S008,SKU_TOM01,20,2.14,0
2025-10-02,S008,SKU_TOM01,14,2.14,0
2025-10-03,S008,SKU_TOM01,12,2.14,0
2025-10-04,S008,SKU_TOM01,22,2.14,0
2025-10-05,S008,SKU_TOM01,21,2.14,0
2025-10-06,S008,SKU_TOM01,20,1.6,1
2025-10-07,S008,SKU_TOM01,22,1.6,1
2025-10-08,S008,SKU_TOM01,22,1.6,1
2025-10-09,S008,SKU_TOM01,27,1.6,1
2025-10-10,S008,SKU_TOM01,23,1.6,1
2025-10-11,S008,SKU_TOM01,20,1.6,1
2025-10-12,S008,SKU_TOM01,19,1.6,1
2025-10-13,S008,SKU_TOM01,15,2.14,0
2025-10-14,S008,SKU_TOM01,15,2.14,0
2025-09-22,S008,SKU_TOM02,13,2.05,0
2025-09-23,S008,SKU_TOM02,17,2.05,0
2025-09-24,S008,SKU_TOM02,19,2.05,0
2025-09-25,S008,SKU_TOM02,12,2.05,0
2025-09-26,S008,SKU_TOM02,11,2.05,0
2025-09-27,S008,SKU_TOM02,21,2.05,0
2025-09-28,S008,SKU_TOM02,14,2.05,0
2025-09-29,S008,SKU_TOM02,23,2.05,0
2025-09-30,S008,SKU_TOM02,16,2.05,0
2025-10-01,S008,SKU_TOM02,12,2.05,0
2025-10-02,S008,SKU_TOM02,13,2.05,0
2025-10-03,S008,SKU_TOM02,11,2.05,0
2025-10-04,S008,SKU_TOM02,16,2.05,0
2025-10-05,S008,SKU_TOM02,16,2.05,0
2025-10-06,S008,SKU_TOM02,21,1.54,1
2025-10-07,S008,SKU_TOM02,13,1.54,1
2025-10-08,S008,SKU_TOM02,32,1.54,1
2025-10-09,S008,SKU_TOM02,22,1.54,1
2025-10-10,S008,SKU_TOM02,25,1.54,1
2025-10-11,S008,SKU_TOM02,18,1.54,1
2025-10-12,S008,SKU_TOM02,15,1.54,1
2025-10-13,S008,SKU_TOM02,18,2.05,0
2025-10-14,S008,SKU_TOM02,14,2.05,0
2025-09-22,S008,SKU_TOM03,11,2.28,0
2025-09-23,S008,SKU_TOM03,19,2.28,0
2025-09-24,S008,SKU_TOM03,13,2.28,0
2025-09-25,S008,SKU_TOM03,19,2.28,0
2025-09-26,S008,SKU_TOM03,10,2.28,0
2025-09-27,S008,SKU_TOM03,20,2.28,0
2025-09-28,S008,SKU_TOM03,19,2.28,0
2025-09-29,S008,SKU_TOM03,16,2.28,0
2025-09-30,S008,SKU_TOM03,18,2.28,0
2025-10-01,S008,SKU_TOM03,13,2.28,0
2025-10-02,S008,SKU_TOM03,24,2.28,0
2025-10-03,S008,SKU_TOM03,18,2.28,0
2025-10-04,S008,SKU_TOM03,19,2.28,0
2025-10-05,S008,SKU_TOM03,18,2.28,0
2025-10-06,S008,SKU_TOM03,14,2.05,1
2025-10-07,S008,SKU_TOM03,22,2.05,1
2025-10-08,S008,SKU_TOM03,17,2.05,1
2025-10-09,S008,SKU_TOM03,12,2.05,1
2025-10-10,S008,SKU_TOM03,32,2.05,1
2025-10-11,S008,SKU_TOM03,19,2.05,1
2025-10-12,S008,SKU_TOM03,26,2.05,1
2025-10-13,S008,SKU_TOM03,10,2.28,0
2025-10-14,S008,SKU_TOM03,17,2.28,0
2025-09-22,S008,SKU_ROO01,11,1.41,0
2025-09-23,S008,SKU_ROO01,18,1.41,0
2025-09-24,S008,SKU_ROO01,8,1.41,0
2025-09-25,S008,SKU_ROO01,15,1.41,0
2025-09-26,S008,SKU_ROO01,13,1.41,0
2025-09-27,S008,SKU_ROO01,17,1.41,0
2025-09-28,S008,SKU_ROO01,28,1.41,0
2025-09-29,S008,SKU_ROO01,17,1.41,0
2025-09-30,S008,SKU_ROO01,11,1.41,0
2025-10-01,S008,SKU_ROO01,14,1.41,0
2025-10-02,S008,SKU_ROO01,10,1.41,0
2025-10-03,S008,SKU_ROO01,13,1.41,0
2025-10-04,S008,SKU_ROO01,20,1.41,0
2025-10-05,S008,SKU_ROO01,19,1.41,0
2025-10-06,S008,SKU_ROO01,23,1.2,1
2025-10-07,S008,SKU_ROO01,15,1.2,1
2025-10-08,S008,SKU_ROO01,15,1.2,1
2025-10-09,S008,SKU_ROO01,11,1.2,1
2025-10-10,S008,SKU_ROO01,17,1.2,1
2025-10-11,S008,SKU_ROO01,17,1.2,1
2025-10-12,S008,SKU_ROO01,15,1.2,1
2025-10-13,S008,SKU_ROO01,11,1.41,0
2025-10-14,S008,SKU_ROO01,16,1.41,0
2025-09-22,S008,SKU_ROO02,18,1.57,0
2025-09-23,S008,SKU_ROO02,10,1.57,0
2025-09-24,S008,SKU_ROO02,9,1.57,0
2025-09-25,S008,SKU_ROO02,13,1.57,0
2025-09-26,S008,SKU_ROO02,14,1.57,0
2025-09-27,S008,SKU_ROO02,19,1.57,0
2025-09-28,S008,SKU_ROO02,16,1.57,0
2025-09-29,S008,SKU_ROO02,10,1.41,1
2025-09-30,S008,SKU_ROO02,23,1.41,1
2025-10-01,S008,SKU_ROO02,19,1.41,1
2025-10-02,S008,SKU_ROO02,13,1.41,1
2025-10-03,S008,SKU_ROO02,16,1.41,1
2025-10-04,S008,SKU_ROO02,12,1.41,1
2025-10-05,S008,SKU_ROO02,10,1.41,1
2025-10-06,S008,SKU_ROO02,13,1.57,0
2025-10-07,S008,SKU_ROO02,16,1.57,0
2025-10-08,S008,SKU_ROO02,20,1.57,0
2025-10-09,S008,SKU_ROO02,10,1.57,0
2025-10-10,S008,SKU_ROO02,13,1.57,0
2025-10-11,S008,SKU_ROO02,20,1.57,0
2025-10-12,S008,SKU_ROO02,16,1.57,0
2025-10-13,S008,SKU_ROO02,17,1.57,0
2025-10-14,S008,SKU_ROO02,16,1.57,0
2025-09-22,S008,SKU_ROO03,16,1.53,0
2025-09-23,S008,SKU_ROO03,17,1.53,0
2025-09-24,S008,SKU_ROO03,13,1.53,0
2025-09-25,S008,SKU_ROO03,9,1.53,0
2025-09-26,S008,SKU_ROO03,17,1.53,0
2025-09-27,S008,SKU_ROO03,15,1.53,0
2025-09-28,S008,SKU_ROO03,12,1.53,0
2025-09-29,S008,SKU_ROO03,12,1.53,0
2025-09-30,S008,SKU_ROO03,12,1.53,0
2025-10-01,S008,SKU_ROO03,13,1.53,0
2025-10-02,S008,SKU_ROO03,16,1.53,0
2025-10-03,S008,SKU_ROO03,17,1.53,0
2025-10-04,S008,SKU_ROO03,19,1.53,0
2025-10-05,S008,SKU_ROO03,14,1.53,0
2025-10-06,S008,SKU_ROO03,16,1.23,1
2025-10-07,S008,SKU_ROO03,16,1.23,1
2025-10-08,S008,SKU_ROO03,12,1.23,1
2025-10-09,S008,SKU_ROO03,14,1.23,1
2025-10-10,S008,SKU_ROO03,16,1.23,1
2025-10-11,S008,SKU_ROO03,9,1.23,1
2025-10-12,S008,SKU_ROO03,27,1.23,1
2025-10-13,S008,SKU_ROO03,11,1.53,0
2025-10-14,S008,SKU_ROO03,10,1.53,0
2025-09-22,S009,SKU_BER04,13,2.43,0
2025-09-23,S009,SKU_BER04,14,2.43,0
2025-09-24,S009,SKU_BER04,9,2.43,0
2025-09-25,S009,SKU_BER04,11,2.43,0
2025-09-26,S009,SKU_BER04,11,2.43,0
2025-09-27,S009,SKU_BER04,12,2.43,0
2025-09-28,S009,SKU_BER04,9,2.43,0
2025-09-29,S009,SKU_BER04,6,2.18,1
2025-09-30,S009,SKU_BER04,15,2.18,1
2025-10-01,S009,SKU_BER04,15,2.18,1
2025-10-02,S009,SKU_BER04,17,2.18,1
2025-10-03,S009,SKU_BER04,12,2.18,1
2025-10-04,S009,SKU_BER04,18,2.18,1
2025-10-05,S009,SKU_BER04,12,2.18,1
2025-10-06,S009,SKU_BER04,12,2.43,0
2025-10-07,S009,SKU_BER04,6,2.43,0
2025-10-08,S009,SKU_BER04,13,2.43,0
2025-10-09,S009,SKU_BER04,10,2.43,0
2025-10-10,S009,SKU_BER04,7,2.43,0
2025-10-11,S009,SKU_BER04,14,2.43,0
2025-10-12,S009,SKU_BER04,8,2.43,0
2025-10-13,S009,SKU_BER04,13,2.43,0
2025-10-14,S009,SKU_BER04,8,2.43,0
2025-09-22,S009,SKU_LEA02,13,1.71,0
2025-09-23,S009,SKU_LEA02,8,1.71,0
2025-09-24,S009,SKU_LEA02,12,1.71,0
2025-09-25,S009,SKU_LEA02,22,1.71,0
2025-09-26,S009,SKU_LEA02,15,1.71,0
2025-09-27,S009,SKU_LEA02,15,1.71,0
2025-09-28,S009,SKU_LEA02,6,1.71,0
2025-09-29,S009,SKU_LEA02,19,1.37,1
2025-09-30,S009,SKU_LEA02,12,1.37,1
2025-10-01,S009,SKU_LEA02,15,1.37,1
2025-10-02,S009,SKU_LEA02,9,1.37,1
2025-10-03,S009,SKU_LEA02,19,1.37,1
2025-10-04,S009,SKU_LEA02,16,1.37,1
2025-10-05,S009,SKU_LEA02,21,1.37,1
2025-10-06,S009,SKU_LEA02,13,1.71,0
2025-10-07,S009,SKU_LEA02,18,1.71,0
2025-10-08,S009,SKU_LEA02,18,1.71,0
2025-10-09,S009,SKU_LEA02,13,1.71,0
2025-10-10,S009,SKU_LEA02,17,1.71,0
2025-10-11,S009,SKU_LEA02,16,1.71,0
2025-10-12,S009,SKU_LEA02,11,1.71,0
2025-10-13,S009,SKU_LEA02,12,1.71,0
2025-10-14,S009,SKU_LEA02,13,1.71,0
2025-09-22,S009,SKU_LEA03,10,1.71,0
2025-09-23,S009,SKU_LEA03,16,1.71,0
2025-09-24,S009,SKU_LEA03,7,1.71,0
2025-09-25,S009,SKU_LEA03,20,1.71,0
2025-09-26,S009,SKU_LEA03,15,1.71,0
2025-09-27,S009,SKU_LEA03,14,1.71,0
2025-09-28,S009,SKU_LEA03,12,1.71,0
2025-09-29,S009,SKU_LEA03,7,1.71,0
2025-09-30,S009,SKU_LEA03,21,1.71,0
2025-10-01,S009,SKU_LEA03,8,1.71,0
2025-10-02,S009,SKU_LEA03,16,1.71,0
2025-10-03,S009,SKU_LEA03,13,1.71,0
2025-10-04,S009,SKU_LEA03,21,1.71,0
2025-10-05,S009,SKU_LEA03,9,1.71,0
2025-10-06,S009,SKU_LEA03,15,1.53,1
2025-10-07,S009,SKU_LEA03,18,1.53,1
2025-10-08,S009,SKU_LEA03,14,1.53,1
2025-10-09,S009,SKU_LEA03,16,1.53,1
2025-10-10,S009,SKU_LEA03,16,1.53,1
2025-10-11,S009,SKU_LEA03,15,1.53,1
2025-10-12,S009,SKU_LEA03,15,1.53,1
2025-10-13,S009,SKU_LEA03,12,1.71,0
2025-10-14,S009,SKU_LEA03,15,1.71,0
2025-09-22,S009,SKU_LEA04,19,1.88,0
2025-09-23,S009,SKU_LEA04,13,1.88,0
2025-09-24,S009,SKU_LEA04,15,1.88,0
2025-09-25,S009,SKU_LEA04,14,1.88,0
2025-09-26,S009,SKU_LEA04,15,1.88,0
2025-09-27,S009,SKU_LEA04,11,1.88,0
2025-09-28,S009,SKU_LEA04,13,1.88,0
2025-09-29,S009,SKU_LEA04,17,1.6,1
2025-09-30,S009,SKU_LEA04,14,1.6,1
2025-10-01,S009,SKU_LEA04,10,1.6,1
2025-10-02,S009,SKU_LEA04,19,1.6,1
2025-10-03,S009,SKU_LEA04,18,1.6,1
2025-10-04,S009,SKU_LEA04,11,1.6,1
2025-10-05,S009,SKU_LEA04,15,1.6,1
2025-10-06,S009,SKU_LEA04,7,1.88,0
2025-10-07,S009,SKU_LEA04,10,1.88,0
2025-10-08,S009,SKU_LEA04,13,1.88,0
2025-10-09,S009,SKU_LEA04,16,1.88,0
2025-10-10,S009,SKU_LEA04,12,1.88,0
2025-10-11,S009,SKU_LEA04,20,1.88,0
2025-10-12,S009,SKU_LEA04,10,1.88,0
2025-10-13,S009,SKU_LEA04,18,1.88,0
2025-10-14,S009,SKU_LEA04,20,1.88,0
2025-09-22,S009,SKU_BAN01,17,1.17,0
2025-09-23,S009,SKU_BAN01,13,1.17,0
2025-09-24,S009,SKU_BAN01,18,1.17,0
2025-09-25,S009,SKU_BAN01,14,1.17,0
2025-09-26,S009,SKU_BAN01,25,1.17,0
2025-09-27,S009,SKU_BAN01,20,1.17,0
2025-09-28,S009,SKU_BAN01,17,1.17,0
2025-09-29,S009,SKU_BAN01,17,0.99,1
2025-09-30,S009,SKU_BAN01,16,0.99,1
2025-10-01,S009,SKU_BAN01,22,0.99,1
2025-10-02,S009,SKU_BAN01,20,0.99,1
2025-10-03,S009,SKU_BAN01,24,0.99,1
2025-10-04,S009,SKU_BAN01,23,0.99,1
2025-10-05,S009,SKU_BAN01,22,0.99,1
2025-10-06,S009,SKU_BAN01,22,1.17,0
2025-10-07,S009,SKU_BAN01,31,1.17,0
2025-10-08,S009,SKU_BAN01,15,1.17,0
2025-10-09,S009,SKU_BAN01,16,1.17,0
2025-10-10,S009,SKU_BAN01,14,1.17,0
2025-10-11,S009,SKU_BAN01,18,1.17,0
2025-10-12,S009,SKU_BAN01,22,1.17,0
2025-10-13,S009,SKU_BAN01,18,1.17,0
2025-10-14,S009,SKU_BAN01,22,1.17,0
2025-09-22,S009,SKU_BAN02,20,1.23,0
2025-09-23,S009,SKU_BAN02,10,1.23,0
2025-09-24,S009,SKU_BAN02,22,1.23,0
2025-09-25,S009,SKU_BAN02,23,1.23,0
2025-09-26,S009,SKU_BAN02,20,1.23,0
2025-09-27,S009,SKU_BAN02,22,1.23,0
2025-09-28,S009,SKU_BAN02,20,1.23,0
2025-09-29,S009,SKU_BAN02,18,1.23,0
2025-09-30,S009,SKU_BAN02,15,1.23,0
2025-10-01,S009,SKU_BAN02,11,1.23,0
2025-10-02,S009,SKU_BAN02,12,1.23,0
2025-10-03,S009,SKU_BAN02,16,1.23,0
2025-10-04,S009,SKU_BAN02,16,1.23,0
2025-10-05,S009,SKU_BAN02,17,1.23,0
2025-10-06,S009,SKU_BAN02,19,0.92,1
2025-10-07,S009,SKU_BAN02,26,0.92,1
2025-10-08,S009,SKU_BAN02,21,0.92,1
2025-10-09,S009,SKU_BAN02,16,0.92,1
2025-10-10,S009,SKU_BAN02,25,0.92,1
2025-10-11,S009,SKU_BAN02,31,0.92,1
2025-10-12,S009,SKU_BAN02,19,0.92,1
2025-10-13,S009,SKU_BAN02,17,1.23,0
2025-10-14,S009,SKU_BAN02,18,1.23,0
2025-09-22,S009,SKU_BAN03,18,1.22,0
2025-09-23,S009,SKU_BAN03,22,1.22,0
2025-09-24,S009,SKU_BAN03,21,1.22,0
2025-09-25,S009,SKU_BAN03,26,1.22,0
2025-09-26,S009,SKU_BAN03,16,1.22,0
2025-09-27,S009,SKU_BAN03,22,1.22,0
2025-09-28,S009,SKU_BAN03,22,1.22,0
2025-09-29,S009,SKU_BAN03,15,0.92,1
2025-09-30,S009,SKU_BAN03,20,0.92,1
2025-10-01,S009,SKU_BAN03,18,0.92,1
2025-10-02,S009,SKU_BAN03,16,0.92,1
2025-10-03,S009,SKU_BAN03,21,0.92,1
2025-10-04,S009,SKU_BAN03,22,0.92,1
2025-10-05,S009,SKU_BAN03,21,0.92,1
2025-10-06,S009,SKU_BAN03,21,1.22,0
2025-10-07,S009,SKU_BAN03,18,1.22,0
2025-10-08,S009,SKU_BAN03,21,1.22,0
2025-10-09,S009,SKU_BAN03,10,1.22,0
2025-10-10,S009,SKU_BAN03,17,1.22,0
2025-10-11,S009,SKU_BAN03,21,1.22,0
2025-10-12,S009,SKU_BAN03,20,1.22,0
2025-10-13,S009,SKU_BAN03,22,1.22,0
2025-10-14,S009,SKU_BAN03,10,1.22,0
2025-09-22,S009,SKU_BAN04,13,1.06,0
2025-09-23,S009,SKU_BAN04,16,1.06,0
2025-09-24,S009,SKU_BAN04,20,1.06,0
2025-09-25,S009,SKU_BAN04,15,1.06,0
2025-09-26,S009,SKU_BAN04,24,1.06,0
2025-09-27,S009,SKU_BAN04,23,1.06,0
2025-09-28,S009,SKU_BAN04,19,1.06,0
2025-09-29,S009,SKU_BAN04,16,0.85,1
2025-09-30,S009,SKU_BAN04,16,0.85,1
2025-10-01,S009,SKU_BAN04,15,0.85,1
2025-10-02,S009,SKU_BAN04,18,0.85,1
2025-10-03,S009,SKU_BAN04,22,0.85,1
2025-10-04,S009,SKU_BAN04,18,0.85,1
2025-10-05,S009,SKU_BAN04,26,0.85,1
2025-10-06,S009,SKU_BAN04,20,1.06,0
2025-10-07,S009,SKU_BAN04,21,1.06,0
2025-10-08,S009,SKU_BAN04,18,1.06,0
2025-10-09,S009,SKU_BAN04,22,1.06,0
2025-10-10,S009,SKU_BAN04,21,1.06,0
2025-10-11,S009,SKU_BAN04,20,1.06,0
2025-10-12,S009,SKU_BAN04,21,1.06,0
2025-10-13,S009,SKU_BAN04,16,1.06,0
2025-10-14,S009,SKU_BAN04,18,1.06,0
2025-09-22,S009,SKU_CIT01,10,2.1,0
2025-09-23,S009,SKU_CIT01,11,2.1,0
2025-09-24,S009,SKU_CIT01,8,2.1,0
2025-09-25,S009,SKU_CIT01,13,2.1,0
2025-09-26,S009,SKU_CIT01,10,2.1,0
2025-09-27,S009,SKU_CIT01,15,2.1,0
2025-09-28,S009,SKU_CIT01,13,2.1,0
2025-09-29,S009,SKU_CIT01,10,1.68,1
2025-09-30,S009,SKU_CIT01,6,1.68,1
2025-10-01,S009,SKU_CIT01,10,1.68,1
2025-10-02,S009,SKU_CIT01,13,1.68,1
2025-10-03,S009,SKU_CIT01,9,1.68,1
2025-10-04,S009,SKU_CIT01,16,1.68,1
2025-10-05,S009,SKU_CIT01,20,1.68,1
2025-10-06,S009,SKU_CIT01,7,2.1,0
2025-10-07,S009,SKU_CIT01,16,2.1,0
2025-10-08,S009,SKU_CIT01,7,2.1,0
2025-10-09,S009,SKU_CIT01,15,2.1,0
2025-10-10,S009,SKU_CIT01,12,2.1,0
2025-10-11,S009,SKU_CIT01,5,2.1,0
2025-10-12,S009,SKU_CIT01,9,2.1,0
2025-10-13,S009,SKU_CIT01,6,2.1,0
2025-10-14,S009,SKU_CIT01,9,2.1,0
2025-09-22,S009,SKU_CIT04,7,2.03,0
2025-09-23,S009,SKU_CIT04,4,2.03,0
2025-09-24,S009,SKU_CIT04,11,2.03,0
2025-09-25,S009,SKU_CIT04,6,2.03,0
2025-09-26,S009,SKU_CIT04,7,2.03,0
2025-09-27,S009,SKU_CIT04,11,2.03,0
2025-09-28,S009,SKU_CIT04,10,2.03,0
2025-09-29,S009,SKU_CIT04,10,1.83,1
2025-09-30,S009,SKU_CIT04,10,1.83,1
2025-10-01,S009,SKU_CIT04,14,1.83,1
2025-10-02,S009,SKU_CIT04,9,1.83,1
2025-10-03,S009,SKU_CIT04,10,1.83,1
2025-10-04,S009,SKU_CIT04,11,1.83,1
2025-10-05,S009,SKU_CIT04,9,1.83,1
2025-10-06,S009,SKU_CIT04,11,2.03,0
2025-10-07,S009,SKU_CIT04,13,2.03,0
2025-10-08,S009,SKU_CIT04,7,2.03,0
2025-10-09,S009,SKU_CIT04,8,2.03,0
2025-10-10,S009,SKU_CIT04,9,2.03,0
2025-10-11,S009,SKU_CIT04,14,2.03,0
2025-10-12,S009,SKU_CIT04,11,2.03,0
2025-10-13,S009,SKU_CIT04,10,2.03,0
2025-10-14,S009,SKU_CIT04,9,2.03,0
2025-09-22,S009,SKU_TOM01,19,2.14,0
2025-09-23,S009,SKU_TOM01,17,2.14,0
2025-09-24,S009,SKU_TOM01,16,2.14,0
2025-09-25,S009,SKU_TOM01,27,2.14,0
2025-09-26,S009,SKU_TOM01,14,2.14,0
2025-09-27,S009,SKU_TOM01,27,2.14,0
2025-09-28,S009,SKU_TOM01,27,2.14,0
2025-09-29,S009,SKU_TOM01,18,2.14,0
2025-09-30,S009,SKU_TOM01,31,2.14,0
2025-10-01,S009,SKU_TOM01,12,2.14,0
2025-10-02,S009,SKU_TOM01,16,2.14,0
2025-10-03,S009,SKU_TOM01,17,2.14,0
2025-10-04,S009,SKU_TOM01,21,2.14,0
2025-10-05,S009,SKU_TOM01,21,2.14,0
2025-10-06,S009,SKU_TOM01,19,1.6,1
2025-10-07,S009,SKU_TOM01,17,1.6,1
2025-10-08,S009,SKU_TOM01,15,1.6,1
2025-10-09,S009,SKU_TOM01,22,1.6,1
2025-10-10,S009,SKU_TOM01,18,1.6,1
2025-10-11,S009,SKU_TOM01,17,1.6,1
2025-10-12,S009,SKU_TOM01,17,1.6,1
2025-10-13,S009,SKU_TOM01,13,2.14,0
2025-10-14,S009,SKU_TOM01,18,2.14,0
2025-09-22,S009,SKU_TOM02,18,2.05,0
2025-09-23,S009,SKU_TOM02,14,2.05,0
2025-09-24,S009,SKU_TOM02,16,2.05,0
2025-09-25,S009,SKU_TOM02,8,2.05,0
2025-09-26,S009,SKU_TOM02,14,2.05,0
2025-09-27,S009,SKU_TOM02,18,2.05,0
2025-09-28,S009,SKU_TOM02,22,2.05,0
2025-09-29,S009,SKU_TOM02,16,2.05,0
2025-09-30,S009,SKU_TOM02,16,2.05,0
2025-10-01,S009,SKU_TOM02,15,2.05,0
2025-10-02,S009,SKU_TOM02,11,2.05,0
2025-10-03,S009,SKU_TOM02,14,2.05,0
2025-10-04,S009,SKU_TOM02,26,2.05,0
2025-10-05,S009,SKU_TOM02,13,2.05,0
2025-10-06,S009,SKU_TOM02,19,1.54,1
2025-10-07,S009,SKU_TOM02,21,1.54,1
2025-10-08,S009,SKU_TOM02,21,1.54,1
2025-10-09,S009,SKU_TOM02,20,1.54,1
2025-10-10,S009,SKU_TOM02,20,1.54,1
2025-10-11,S009,SKU_TOM02,11,1.54,1
2025-10-12,S009,SKU_TOM02,22,1.54,1
2025-10-13,S009,SKU_TOM02,15,2.05,0
2025-10-14,S009,SKU_TOM02,18,2.05,0
2025-09-22,S009,SKU_TOM03,23,2.28,0
2025-09-23,S009,SKU_TOM03,20,2.28,0
2025-09-24,S009,SKU_TOM03,13,2.28,0
2025-09-25,S009,SKU_TOM03,16,2.28,0
2025-09-26,S009,SKU_TOM03,14,2.28,0
2025-09-27,S009,SKU_TOM03,18,2.28,0
2025-09-28,S009,SKU_TOM03,20,2.28,0
2025-09-29,S009,SKU_TOM03,10,2.28,0
2025-09-30,S009,SKU_TOM03,18,2.28,0
2025-10-01,S009,SKU_TOM03,14,2.28,0
2025-10-02,S009,SKU_TOM03,13,2.28,0
2025-10-03,S009,SKU_TOM03,21,2.28,0
2025-10-04,S009,SKU_TOM03,18,2.28,0
2025-10-05,S009,SKU_TOM03,17,2.28,0
2025-10-06,S009,SKU_TOM03,19,2.05,1
2025-10-07,S009,SKU_TOM03,11,2.05,1
2025-10-08,S009,SKU_TOM03,16,2.05,1
2025-10-09,S009,SKU_TOM03,11,2.05,1
2025-10-10,S009,SKU_TOM03,30,2.05,1
2025-10-11,S009,SKU_TOM03,21,2.05,1
2025-10-12,S009,SKU_TOM03,15,2.05,1
2025-10-13,S009,SKU_TOM03,13,2.28,0
2025-10-14,S009,SKU_TOM03,9,2.28,0
2025-09-22,S009,SKU_ROO01,22,1.41,0
2025-09-23,S009,SKU_ROO01,13,1.41,0
2025-09-24,S009,SKU_ROO01,22,1.41,0
2025-09-25,S009,SKU_ROO01,20,1.41,0
2025-09-26,S009,SKU_ROO01,8,1.41,0
2025-09-27,S009,SKU_ROO01,22,1.41,0
2025-09-28,S009,SKU_ROO01,17,1.41,0
2025-09-29,S009,SKU_ROO01,12,1.41,0
2025-09-30,S009,SKU_ROO01,16,1.41,0
2025-10-01,S009,SKU_ROO01,16,1.41,0
2025-10-02,S009,SKU_ROO01,12,1.41,0
2025-10-03,S009,SKU_ROO01,14,1.41,0
2025-10-04,S009,SKU_ROO01,17,1.41,0
2025-10-05,S009,SKU_ROO01,20,1.41,0
2025-10-06,S009,SKU_ROO01,12,1.2,1
2025-10-07,S009,SKU_ROO01,21,1.2,1
2025-10-08,S009,SKU_ROO01,11,1.2,1
2025-10-09,S009,SKU_ROO01,17,1.2,1
2025-10-10,S009,SKU_ROO01,17,1.2,1
2025-10-11,S009,SKU_ROO01,19,1.2,1
2025-10-12,S009,SKU_ROO01,17,1.2,1
2025-10-13,S009,SKU_ROO01,12,1.41,0
2025-10-14,S009,SKU_ROO01,11,1.41,0
2025-09-22,S009,SKU_ROO02,14,1.57,0
2025-09-23,S009,SKU_ROO02,13,1.57,0
2025-09-24,S009,SKU_ROO02,14,1.57,0
2025-09-25,S009,SKU_ROO02,17,1.57,0
2025-09-26,S009,SKU_ROO02,13,1.57,0
2025-09-27,S009,SKU_ROO02,17,1.57,0
2025-09-28,S009,SKU_ROO02,19,1.57,0
2025-09-29,S009,SKU_ROO02,15,1.41,1
2025-09-30,S009,SKU_ROO02,11,1.41,1
2025-10-01,S009,SKU_ROO02,16,1.41,1
2025-10-02,S009,SKU_ROO02,21,1.41,1
2025-10-03,S009,SKU_ROO02,21,1.41,1
2025-10-04,S009,SKU_ROO02,26,1.41,1
2025-10-05,S009,SKU_ROO02,20,1.41,1
2025-10-06,S009,SKU_ROO02,14,1.57,0
2025-10-07,S009,SKU_ROO02,13,1.57,0
2025-10-08,S009,SKU_ROO02,13,1.57,0
2025-10-09,S009,SKU_ROO02,14,1.57,0
2025-10-10,S009,SKU_ROO02,12,1.57,0
2025-10-11,S009,SKU_ROO02,13,1.57,0
2025-10-12,S009,SKU_ROO02,10,1.57,0
2025-10-13,S009,SKU_ROO02,19,1.57,0
2025-10-14,S009,SKU_ROO02,24,1.57,0
