data/sales.csv
Date,StoreID,ProductID,QuantitySold,SalesPrice,HasPromotion
2025-09-22,S013,SKU_ROO02,17,1.57,0
2025-09-23,S013,SKU_ROO02,19,1.57,0
2025-09-24,S013,SKU_ROO02,12,1.57,0
2025-09-25,S013,SKU_ROO02,8,1.57,0
2025-09-26,S013,SKU_ROO02,18,1.57,0
2025-09-27,S013,SKU_ROO02,12,1.57,0
2025-09-28,S013,SKU_ROO02,15,1.57,0
2025-09-29,S013,SKU_ROO02,18,1.41,1
2025-09-30,S013,SKU_ROO02,16,1.41,1
2025-10-01,S013,SKU_ROO02,11,1.41,1
2025-10-02,S013,SKU_ROO02,10,1.41,1
2025-10-03,S013,SKU_ROO02,13,1.41,1
2025-10-04,S013,SKU_ROO02,10,1.41,1
2025-10-05,S013,SKU_ROO02,24,1.41,1
2025-10-06,S013,SKU_ROO02,13,1.57,0
2025-10-07,S013,SKU_ROO02,18,1.57,0
2025-10-08,S013,SKU_ROO02,9,1.57,0
2025-10-09,S013,SKU_ROO02,12,1.57,0
2025-10-10,S013,SKU_ROO02,16,1.57,0
2025-10-11,S013,SKU_ROO02,15,1.57,0
2025-10-12,S013,SKU_ROO02,16,1.57,0
2025-10-13,S013,SKU_ROO02,17,1.57,0
2025-10-14,S013,SKU_ROO02,24,1.57,0
2025-09-22,S013,SKU_ROO03,16,1.53,0
2025-09-23,S013,SKU_ROO03,13,1.53,0
2025-09-24,S013,SKU_ROO03,20,1.53,0
2025-09-25,S013,SKU_ROO03,10,1.53,0
2025-09-26,S013,SKU_ROO03,18,1.53,0
2025-09-27,S013,SKU_ROO03,18,1.53,0
2025-09-28,S013,SKU_ROO03,9,1.53,0
2025-09-29,S013,SKU_ROO03,15,1.53,0
2025-09-30,S013,SKU_ROO03,10,1.53,0
2025-10-01,S013,SKU_ROO03,15,1.53,0
2025-10-02,S013,SKU_ROO03,17,1.53,0
2025-10-03,S013,SKU_ROO03,10,1.53,0
2025-10-04,S013,SKU_ROO03,16,1.53,0
2025-10-05,S013,SKU_ROO03,13,1.53,0
2025-10-06,S013,SKU_ROO03,10,1.23,1
2025-10-07,S013,SKU_ROO03,21,1.23,1
2025-10-08,S013,SKU_ROO03,16,1.23,1
2025-10-09,S013,SKU_ROO03,20,1.23,1
2025-10-10,S013,SKU_ROO03,16,1.23,1
2025-10-11,S013,SKU_ROO03,22,1.23,1
2025-10-12,S013,SKU_ROO03,19,1.23,1
2025-10-13,S013,SKU_ROO03,19,1.53,0
2025-10-14,S013,SKU_ROO03,9,1.53,0
2025-09-22,S014,SKU_BER04,10,2.43,0
2025-09-23,S014,SKU_BER04,10,2.43,0
2025-09-24,S014,SKU_BER04,19,2.43,0
2025-09-25,S014,SKU_BER04,12,2.43,0
2025-09-26,S014,SKU_BER04,13,2.43,0
2025-09-27,S014,SKU_BER04,16,2.43,0
2025-09-28,S014,SKU_BER04,7,2.43,0
2025-09-29,S014,SKU_BER04,13,2.18,1
2025-09-30,S014,SKU_BER04,12,2.18,1
2025-10-01,S014,SKU_BER04,11,2.18,1
2025-10-02,S014,SKU_BER04,16,2.18,1
2025-10-03,S014,SKU_BER04,13,2.18,1
2025-10-04,S014,SKU_BER04,17,2.18,1
2025-10-05,S014,SKU_BER04,14,2.18,1
2025-10-06,S014,SKU_BER04,14,2.43,0
2025-10-07,S014,SKU_BER04,14,2.43,0
2025-10-08,S014,SKU_BER04,13,2.43,0
2025-10-09,S014,SKU_BER04,13,2.43,0
2025-10-10,S014,SKU_BER04,7,2.43,0
2025-10-11,S014,SKU_BER04,8,2.43,0
2025-10-12,S014,SKU_BER04,17,2.43,0
2025-10-13,S014,SKU_BER04,15,2.43,0
2025-10-14,S014,SKU_BER04,13,2.43,0
2025-09-22,S014,SKU_LEA02,12,1.71,0
2025-09-23,S014,SKU_LEA02,12,1.71,0
2025-09-24,S014,SKU_LEA02,11,1.71,0
2025-09-25,S014,SKU_LEA02,16,1.71,0
2025-09-26,S014,SKU_LEA02,13,1.71,0
2025-09-27,S014,SKU_LEA02,7,1.71,0
2025-09-28,S014,SKU_LEA02,11,1.71,0
2025-09-29,S014,SKU_LEA02,12,1.37,1
2025-09-30,S014,SKU_LEA02,12,1.37,1
2025-10-01,S014,SKU_LEA02,21,1.37,1
2025-10-02,S014,SKU_LEA02,18,1.37,1
2025-10-03,S014,SKU_LEA02,7,1.37,1
2025-10-04,S014,SKU_LEA02,16,1.37,1
2025-10-05,S014,SKU_LEA02,11,1.37,1
2025-10-06,S014,SKU_LEA02,16,1.71,0
2025-10-07,S014,SKU_LEA02,14,1.71,0
2025-10-08,S014,SKU_LEA02,11,1.71,0
2025-10-09,S014,SKU_LEA02,17,1.71,0
2025-10-10,S014,SKU_LEA02,17,1.71,0
2025-10-11,S014,SKU_LEA02,18,1.71,0
2025-10-12,S014,SKU_LEA02,9,1.71,0
2025-10-13,S014,SKU_LEA02,20,1.71,0
2025-10-14,S014,SKU_LEA02,18,1.71,0
2025-09-22,S014,SKU_LEA03,24,1.71,0
2025-09-23,S014,SKU_LEA03,15,1.71,0
2025-09-24,S014,SKU_LEA03,20,1.71,0
2025-09-25,S014,SKU_LEA03,10,1.71,0
2025-09-26,S014,SKU_LEA03,14,1.71,0
2025-09-27,S014,SKU_LEA03,12,1.71,0
2025-09-28,S014,SKU_LEA03,14,1.71,0
2025-09-29,S014,SKU_LEA03,12,1.71,0
2025-09-30,S014,SKU_LEA03,9,1.71,0
2025-10-01,S014,SKU_LEA03,19,1.71,0
2025-10-02,S014,SKU_LEA03,16,1.71,0
2025-10-03,S014,SKU_LEA03,18,1.71,0
2025-10-04,S014,SKU_LEA03,21,1.71,0
2025-10-05,S014,SKU_LEA03,13,1.71,0
2025-10-06,S014,SKU_LEA03,14,1.53,1
2025-10-07,S014,SKU_LEA03,15,1.53,1
2025-10-08,S014,SKU_LEA03,16,1.53,1
2025-10-09,S014,SKU_LEA03,12,1.53,1
2025-10-10,S014,SKU_LEA03,13,1.53,1
2025-10-11,S014,SKU_LEA03,14,1.53,1
2025-10-12,S014,SKU_LEA03,19,1.53,1
2025-10-13,S014,SKU_LEA03,12,1.71,0
2025-10-14,S014,SKU_LEA03,16,1.71,0
2025-09-22,S014,SKU_LEA04,12,1.88,0
2025-09-23,S014,SKU_LEA04,20,1.88,0
2025-09-24,S014,SKU_LEA04,9,1.88,0
2025-09-25,S014,SKU_LEA04,19,1.88,0
2025-09-26,S014,SKU_LEA04,12,1.88,0
2025-09-27,S014,SKU_LEA04,20,1.88,0
2025-09-28,S014,SKU_LEA04,14,1.88,0
2025-09-29,S014,SKU_LEA04,19,1.6,1
2025-09-30,S014,SKU_LEA04,23,1.6,1
2025-10-01,S014,SKU_LEA04,11,1.6,1
2025-10-02,S014,SKU_LEA04,22,1.6,1
2025-10-03,S014,SKU_LEA04,14,1.6,1
2025-10-04,S014,SKU_LEA04,19,1.6,1
2025-10-05,S014,SKU_LEA04,13,1.6,1
2025-10-06,S014,SKU_LEA04,18,1.88,0
2025-10-07,S014,SKU_LEA04,20,1.88,0
2025-10-08,S014,SKU_LEA04,11,1.88,0
2025-10-09,S014,SKU_LEA04,13,1.88,0
2025-10-10,S014,SKU_LEA04,13,1.88,0
2025-10-11,S014,SKU_LEA04,22,1.88,0
2025-10-12,S014,SKU_LEA04,16,1.88,0
2025-10-13,S014,SKU_LEA04,12,1.88,0
2025-10-14,S014,SKU_LEA04,11,1.88,0
2025-09-22,S014,SKU_BAN01,20,1.17,0
2025-09-23,S014,SKU_BAN01,19,1.17,0
2025-09-24,S014,SKU_BAN01,17,1.17,0
2025-09-25,S014,SKU_BAN01,20,1.17,0
2025-09-26,S014,SKU_BAN01,17,1.17,0
2025-09-27,S014,SKU_BAN01,24,1.17,0
2025-09-28,S014,SKU_BAN01,21,1.17,0
2025-09-29,S014,SKU_BAN01,28,0.99,1
2025-09-30,S014,SKU_BAN01,21,0.99,1
2025-10-01,S014,SKU_BAN01,18,0.99,1
2025-10-02,S014,SKU_BAN01,19,0.99,1
2025-10-03,S014,SKU_BAN01,18,0.99,1
2025-10-04,S014,SKU_BAN01,26,0.99,1
2025-10-05,S014,SKU_BAN01,17,0.99,1
2025-10-06,S014,SKU_BAN01,27,1.17,0
2025-10-07,S014,SKU_BAN01,19,1.17,0
2025-10-08,S014,SKU_BAN01,17,1.17,0
2025-10-09,S014,SKU_BAN01,15,1.17,0
2025-10-10,S014,SKU_BAN01,22,1.17,0
2025-10-11,S014,SKU_BAN01,24,1.17,0
2025-10-12,S014,SKU_BAN01,23,1.17,0
2025-10-13,S014,SKU_BAN01,22,1.17,0
2025-10-14,S014,SKU_BAN01,13,1.17,0
2025-09-22,S014,SKU_BAN02,21,1.23,0
2025-09-23,S014,SKU_BAN02,19,1.23,0
2025-09-24,S014,SKU_BAN02,10,1.23,0
2025-09-25,S014,SKU_BAN02,18,1.23,0
2025-09-26,S014,SKU_BAN02,26,1.23,0
2025-09-27,S014,SKU_BAN02,22,1.23,0
2025-09-28,S014,SKU_BAN02,12,1.23,0
2025-09-29,S014,SKU_BAN02,16,1.23,0
2025-09-30,S014,SKU_BAN02,19,1.23,0
2025-10-01,S014,SKU_BAN02,22,1.23,0
2025-10-02,S014,SKU_BAN02,15,1.23,0
2025-10-03,S014,SKU_BAN02,12,1.23,0
2025-10-04,S014,SKU_BAN02,24,1.23,0
2025-10-05,S014,SKU_BAN02,19,1.23,0
2025-10-06,S014,SKU_BAN02,23,0.92,1
2025-10-07,S014,SKU_BAN02,19,0.92,1
2025-10-08,S014,SKU_BAN02,13,0.92,1
2025-10-09,S014,SKU_BAN02,16,0.92,1
2025-10-10,S014,SKU_BAN02,23,0.92,1
2025-10-11,S014,SKU_BAN02,18,0.92,1
2025-10-12,S014,SKU_BAN02,22,0.92,1
2025-10-13,S014,SKU_BAN02,21,1.23,0
2025-10-14,S014,SKU_BAN02,25,1.23,0
2025-09-22,S014,SKU_BAN03,17,1.22,0
2025-09-23,S014,SKU_BAN03,23,1.22,0
2025-09-24,S014,SKU_BAN03,13,1.22,0
2025-09-25,S014,SKU_BAN03,20,1.22,0
2025-09-26,S014,SKU_BAN03,21,1.22,0
2025-09-27,S014,SKU_BAN03,24,1.22,0
2025-09-28,S014,SKU_BAN03,18,1.22,0
2025-09-29,S014,SKU_BAN03,23,0.92,1
2025-09-30,S014,SKU_BAN03,18,0.92,1
2025-10-01,S014,SKU_BAN03,22,0.92,1
2025-10-02,S014,SKU_BAN03,20,0.92,1
2025-10-03,S014,SKU_BAN03,20,0.92,1
2025-10-04,S014,SKU_BAN03,31,0.92,1
2025-10-05,S014,SKU_BAN03,35,0.92,1
2025-10-06,S014,SKU_BAN03,21,1.22,0
2025-10-07,S014,SKU_BAN03,22,1.22,0
2025-10-08,S014,SKU_BAN03,22,1.22,0
2025-10-09,S014,SKU_BAN03,25,1.22,0
2025-10-10,S014,SKU_BAN03,14,1.22,0
2025-10-11,S014,SKU_BAN03,23,1.22,0
2025-10-12,S014,SKU_BAN03,28,1.22,0
2025-10-13,S014,SKU_BAN03,33,1.22,0
2025-10-14,S014,SKU_BAN03,17,1.22,0
2025-09-22,S014,SKU_BAN04,18,1.06,0
2025-09-23,S014,SKU_BAN04,21,1.06,0
2025-09-24,S014,SKU_BAN04,14,1.06,0
2025-09-25,S014,SKU_BAN04,25,1.06,0
2025-09-26,S014,SKU_BAN04,20,1.06,0
2025-09-27,S014,SKU_BAN04,13,1.06,0
2025-09-28,S014,SKU_BAN04,16,1.06,0
2025-09-29,S014,SKU_BAN04,19,0.85,1
2025-09-30,S014,SKU_BAN04,17,0.85,1
2025-10-01,S014,SKU_BAN04,18,0.85,1
2025-10-02,S014,SKU_BAN04,22,0.85,1
2025-10-03,S014,SKU_BAN04,19,0.85,1
2025-10-04,S014,SKU_BAN04,34,0.85,1
2025-10-05,S014,SKU_BAN04,22,0.85,1
2025-10-06,S014,SKU_BAN04,15,1.06,0
2025-10-07,S014,SKU_BAN04,17,1.06,0
2025-10-08,S014,SKU_BAN04,17,1.06,0
2025-10-09,S014,SKU_BAN04,18,1.06,0
2025-10-10,S014,SKU_BAN04,15,1.06,0
2025-10-11,S014,SKU_BAN04,21,1.06,0
2025-10-12,S014,SKU_BAN04,26,1.06,0
2025-10-13,S014,SKU_BAN04,28,1.06,0
2025-10-14,S014,SKU_BAN04,23,1.06,0
2025-09-22,S014,SKU_CIT01,10,2.1,0
2025-09-23,S014,SKU_CIT01,6,2.1,0
2025-09-24,S014,SKU_CIT01,11,2.1,0
2025-09-25,S014,SKU_CIT01,13,2.1,0
2025-09-26,S014,SKU_CIT01,15,2.1,0
2025-09-27,S014,SKU_CIT01,13,2.1,0
2025-09-28,S014,SKU_CIT01,16,2.1,0
2025-09-29,S014,SKU_CIT01,9,1.68,1
2025-09-30,S014,SKU_CIT01,15,1.68,1
2025-10-01,S014,SKU_CIT01,7,1.68,1
2025-10-02,S014,SKU_CIT01,9,1.68,1
2025-10-03,S014,SKU_CIT01,14,1.68,1
2025-10-04,S014,SKU_CIT01,14,1.68,1
2025-10-05,S014,SKU_CIT01,14,1.68,1
2025-10-06,S014,SKU_CIT01,11,2.1,0
2025-10-07,S014,SKU_CIT01,8,2.1,0
2025-10-08,S014,SKU_CIT01,11,2.1,0
2025-10-09,S014,SKU_CIT01,7,2.1,0
2025-10-10,S014,SKU_CIT01,13,2.1,0
2025-10-11,S014,SKU_CIT01,13,2.1,0
2025-10-12,S014,SKU_CIT01,9,2.1,0
2025-10-13,S014,SKU_CIT01,9,2.1,0
2025-10-14,S014,SKU_CIT01,12,2.1,0
2025-09-22,S014,SKU_CIT04,7,2.03,0
2025-09-23,S014,SKU_CIT04,12,2.03,0
2025-09-24,S014,SKU_CIT04,13,2.03,0
2025-09-25,S014,SKU_CIT04,6,2.03,0
2025-09-26,S014,SKU_CIT04,9,2.03,0
2025-09-27,S014,SKU_CIT04,12,2.03,0
2025-09-28,S014,SKU_CIT04,6,2.03,0
2025-09-29,S014,SKU_CIT04,9,1.83,1
2025-09-30,S014,SKU_CIT04,13,1.83,1
2025-10-01,S014,SKU_CIT04,17,1.83,1
2025-10-02,S014,SKU_CIT04,11,1.83,1
2025-10-03,S014,SKU_CIT04,13,1.83,1
2025-10-04,S014,SKU_CIT04,15,1.83,1
2025-10-05,S014,SKU_CIT04,14,1.83,1
2025-10-06,S014,SKU_CIT04,17,2.03,0
2025-10-07,S014,SKU_CIT04,11,2.03,0
2025-10-08,S014,SKU_CIT04,10,2.03,0
2025-10-09,S014,SKU_CIT04,8,2.03,0
2025-10-10,S014,SKU_CIT04,8,2.03,0
2025-10-11,S014,SKU_CIT04,7,2.03,0
2025-10-12,S014,SKU_CIT04,13,2.03,0
2025-10-13,S014,SKU_CIT04,8,2.03,0
2025-10-14,S014,SKU_CIT04,9,2.03,0
2025-09-22,S014,SKU_TOM01,18,2.14,0
2025-09-23,S014,SKU_TOM01,17,2.14,0
2025-09-24,S014,SKU_TOM01,12,2.14,0
2025-09-25,S014,SKU_TOM01,32,2.14,0
2025-09-26,S014,SKU_TOM01,14,2.14,0
2025-09-27,S014,SKU_TOM01,16,2.14,0
2025-09-28,S014,SKU_TOM01,20,2.14,0
2025-09-29,S014,SKU_TOM01,16,2.14,0
2025-09-30,S014,SKU_TOM01,15,2.14,0
2025-10-01,S014,SKU_TOM01,27,2.14,0
2025-10-02,S014,SKU_TOM01,13,2.14,0
2025-10-03,S014,SKU_TOM01,13,2.14,0
2025-10-04,S014,SKU_TOM01,13,2.14,0
2025-10-05,S014,SKU_TOM01,11,2.14,0
2025-10-06,S014,SKU_TOM01,29,1.6,1
2025-10-07,S014,SKU_TOM01,24,1.6,1
2025-10-08,S014,SKU_TOM01,17,1.6,1
2025-10-09,S014,SKU_TOM01,11,1.6,1
2025-10-10,S014,SKU_TOM01,18,1.6,1
2025-10-11,S014,SKU_TOM01,23,1.6,1
2025-10-12,S014,SKU_TOM01,24,1.6,1
2025-10-13,S014,SKU_TOM01,18,2.14,0
2025-10-14,S014,SKU_TOM01,15,2.14,0
2025-09-22,S014,SKU_TOM02,18,2.05,0
2025-09-23,S014,SKU_TOM02,20,2.05,0
2025-09-24,S014,SKU_TOM02,16,2.05,0
2025-09-25,S014,SKU_TOM02,13,2.05,0
2025-09-26,S014,SKU_TOM02,18,2.05,0
2025-09-27,S014,SKU_TOM02,26,2.05,0
2025-09-28,S014,SKU_TOM02,15,2.05,0
2025-09-29,S014,SKU_TOM02,14,2.05,0
2025-09-30,S014,SKU_TOM02,25,2.05,0
2025-10-01,S014,SKU_TOM02,15,2.05,0
2025-10-02,S014,SKU_TOM02,16,2.05,0
2025-10-03,S014,SKU_TOM02,11,2.05,0
2025-10-04,S014,SKU_TOM02,16,2.05,0
2025-10-05,S014,SKU_TOM02,18,2.05,0
2025-10-06,S014,SKU_TOM02,19,1.54,1
2025-10-07,S014,SKU_TOM02,27,1.54,1
2025-10-08,S014,SKU_TOM02,21,1.54,1
2025-10-09,S014,SKU_TOM02,20,1.54,1
2025-10-10,S014,SKU_TOM02,23,1.54,1
2025-10-11,S014,SKU_TOM02,30,1.54,1
2025-10-12,S014,SKU_TOM02,26,1.54,1
2025-10-13,S014,SKU_TOM02,17,2.05,0
2025-10-14,S014,SKU_TOM02,16,2.05,0
2025-09-22,S014,SKU_TOM03,19,2.28,0
2025-09-23,S014,SKU_TOM03,15,2.28,0
2025-09-24,S014,SKU_TOM03,11,2.28,0
2025-09-25,S014,SKU_TOM03,16,2.28,0
2025-09-26,S014,SKU_TOM03,18,2.28,0
2025-09-27,S014,SKU_TOM03,26,2.28,0
2025-09-28,S014,SKU_TOM03,28,2.28,0
2025-09-29,S014,SKU_TOM03,13,2.28,0
2025-09-30,S014,SKU_TOM03,14,2.28,0
2025-10-01,S014,SKU_TOM03,33,2.28,0
2025-10-02,S014,SKU_TOM03,18,2.28,0
2025-10-03,S014,SKU_TOM03,13,2.28,0
2025-10-04,S014,SKU_TOM03,17,2.28,0
2025-10-05,S014,SKU_TOM03,14,2.28,0
2025-10-06,S014,SKU_TOM03,17,2.05,1
2025-10-07,S014,SKU_TOM03,16,2.05,1
2025-10-08,S014,SKU_TOM03,23,2.05,1
2025-10-09,S014,SKU_TOM03,12,2.05,1
2025-10-10,S014,SKU_TOM03,12,2.05,1
2025-10-11,S014,SKU_TOM03,20,2.05,1
2025-10-12,S014,SKU_TOM03,14,2.05,1
2025-10-13,S014,SKU_TOM03,14,2.28,0
2025-10-14,S014,SKU_TOM03,19,2.28,0
2025-09-22,S014,SKU_ROO01,18,1.41,0
2025-09-23,S014,SKU_ROO01,12,1.41,0
2025-09-24,S014,SKU_ROO01,17,1.41,0
2025-09-25,S014,SKU_ROO01,19,1.41,0
2025-09-26,S014,SKU_ROO01,11,1.41,0
2025-09-27,S014,SKU_ROO01,14,1.41,0
2025-09-28,S014,SKU_ROO01,26,1.41,0
2025-09-29,S014,SKU_ROO01,12,1.41,0
2025-09-30,S014,SKU_ROO01,8,1.41,0
2025-10-01,S014,SKU_ROO01,14,1.41,0
2025-10-02,S014,SKU_ROO01,14,1.41,0
2025-10-03,S014,SKU_ROO01,11,1.41,0
2025-10-04,S014,SKU_ROO01,11,1.41,0
2025-10-05,S014,SKU_ROO01,23,1.41,0
2025-10-06,S014,SKU_ROO01,16,1.2,1
2025-10-07,S014,SKU_ROO01,14,1.2,1
2025-10-08,S014,SKU_ROO01,22,1.2,1
2025-10-09,S014,SKU_ROO01,15,1.2,1
2025-10-10,S014,SKU_ROO01,16,1.2,1
2025-10-11,S014,SKU_ROO01,22,1.2,1
2025-10-12,S014,SKU_ROO01,18,1.2,1
2025-10-13,S014,SKU_ROO01,16,1.41,0
2025-10-14,S014,SKU_ROO01,18,1.41,0
2025-09-22,S014,SKU_ROO02,20,1.57,0
2025-09-23,S014,SKU_ROO02,12,1.57,0
2025-09-24,S014,SKU_ROO02,21,1.57,0
2025-09-25,S014,SKU_ROO02,11,1.57,0
2025-09-26,S014,SKU_ROO02,18,1.57,0
2025-09-27,S014,SKU_ROO02,12,1.57,0
2025-09-28,S014,SKU_ROO02,12,1.57,0
2025-09-29,S014,SKU_ROO02,18,1.41,1
2025-09-30,S014,SKU_ROO02,18,1.41,1
2025-10-01,S014,SKU_ROO02,18,1.41,1
2025-10-02,S014,SKU_ROO02,14,1.41,1
2025-10-03,S014,SKU_ROO02,12,1.41,1
2025-10-04,S014,SKU_ROO02,14,1.41,1
2025-10-05,S014,SKU_ROO02,20,1.41,1
2025-10-06,S014,SKU_ROO02,15,1.57,0
2025-10-07,S014,SKU_ROO02,21,1.57,0
2025-10-08,S014,SKU_ROO02,11,1.57,0
2025-10-09,S014,SKU_ROO02,11,1.57,0
2025-10-10,S014,SKU_ROO02,16,1.57,0
2025-10-11,S014,SKU_ROO02,9,1.57,0
2025-10-12,S014,SKU_ROO02,23,1.57,0
2025-10-13,S014,SKU_ROO02,14,1.57,0
2025-10-14,S014,SKU_ROO02,10,1.57,0
2025-09-22,S014,SKU_ROO03,20,1.53,0
2025-09-23,S014,SKU_ROO03,18,1.53,0
2025-09-24,S014,SKU_ROO03,21,1.53,0
2025-09-25,S014,SKU_ROO03,10,1.53,0
2025-09-26,S014,SKU_ROO03,12,1.53,0
2025-09-27,S014,SKU_ROO03,19,1.53,0
2025-09-28,S014,SKU_ROO03,19,1.53,0
2025-09-29,S014,SKU_ROO03,12,1.53,0
2025-09-30,S014,SKU_ROO03,16,1.53,0
2025-10-01,S014,SKU_ROO03,26,1.53,0
2025-10-02,S014,SKU_ROO03,16,1.53,0
2025-10-03,S014,SKU_ROO03,15,1.53,0
2025-10-04,S014,SKU_ROO03,19,1.53,0
2025-10-05,S014,SKU_ROO03,18,1.53,0
2025-10-06,S014,SKU_ROO03,24,1.23,1
2025-10-07,S014,SKU_ROO03,10,1.23,1
2025-10-08,S014,SKU_ROO03,13,1.23,1
2025-10-09,S014,SKU_ROO03,19,1.23,1
2025-10-10,S014,SKU_ROO03,30,1.23,1
2025-10-11,S014,SKU_ROO03,20,1.23,1
2025-10-12,S014,SKU_ROO03,23,1.23,1
2025-10-13,S014,SKU_ROO03,13,1.53,0
2025-10-14,S014,SKU_ROO03,20,1.53,0
2025-09-22,S015,SKU_BER04,9,2.43,0
2025-09-23,S015,SKU_BER04,17,2.43,0
2025-09-24,S015,SKU_BER04,10,2.43,0
2025-09-25,S015,SKU_BER04,15,2.43,0
2025-09-26,S015,SKU_BER04,19,2.43,0
2025-09-27,S015,SKU_BER04,10,2.43,0
2025-09-28,S015,SKU_BER04,18,2.43,0
2025-09-29,S015,SKU_BER04,14,2.18,1
2025-09-30,S015,SKU_BER04,8,2.18,1
2025-10-01,S015,SKU_BER04,15,2.18,1
2025-10-02,S015,SKU_BER04,15,2.18,1
2025-10-03,S015,SKU_BER04,11,2.18,1
2025-10-04,S015,SKU_BER04,11,2.18,1
2025-10-05,S015,SKU_BER04,18,2.18,1
2025-10-06,S015,SKU_BER04,7,2.43,0
2025-10-07,S015,SKU_BER04,15,2.43,0
2025-10-08,S015,SKU_BER04,14,2.43,0
2025-10-09,S015,SKU_BER04,12,2.43,0
2025-10-10,S015,SKU_BER04,8,2.43,0
2025-10-11,S015,SKU_BER04,8,2.43,0
2025-10-12,S015,SKU_BER04,17,2.43,0
2025-10-13,S015,SKU_BER04,6,2.43,0
2025-10-14,S015,SKU_BER04,15,2.43,0
2025-09-22,S015,SKU_LEA02,14,1.71,0
2025-09-23,S015,SKU_LEA02,20,1.71,0
2025-09-24,S015,SKU_LEA02,10,1.71,0
2025-09-25,S015,SKU_LEA02,11,1.71,0
2025-09-26,S015,SKU_LEA02,19,1.71,0
2025-09-27,S015,SKU_LEA02,11,1.71,0
2025-09-28,S015,SKU_LEA02,20,1.71,0
2025-09-29,S015,SKU_LEA02,14,1.37,1
2025-09-30,S015,SKU_LEA02,17,1.37,1
2025-10-01,S015,SKU_LEA02,18,1.37,1
2025-10-02,S015,SKU_LEA02,17,1.37,1
2025-10-03,S015,SKU_LEA02,14,1.37,1
2025-10-04,S015,SKU_LEA02,18,1.37,1
2025-10-05,S015,SKU_LEA02,19,1.37,1
2025-10-06,S015,SKU_LEA02,8,1.71,0
2025-10-07,S015,SKU_LEA02,21,1.71,0
2025-10-08,S015,SKU_LEA02,17,1.71,0
2025-10-09,S015,SKU_LEA02,15,1.71,0
2025-10-10,S015,SKU_LEA02,19,1.71,0
2025-10-11,S015,SKU_LEA02,13,1.71,0
2025-10-12,S015,SKU_LEA02,16,1.71,0
2025-10-13,S015,SKU_LEA02,16,1.71,0
2025-10-14,S015,SKU_LEA02,16,1.71,0
2025-09-22,S015,SKU_LEA03,13,1.71,0
2025-09-23,S015,SKU_LEA03,14,1.71,0
2025-09-24,S015,SKU_LEA03,8,1.71,0
2025-09-25,S015,SKU_LEA03,13,1.71,0
2025-09-26,S015,SKU_LEA03,22,1.71,0
2025-09-27,S015,SKU_LEA03,18,1.71,0
2025-09-28,S015,SKU_LEA03,19,1.71,0
2025-09-29,S015,SKU_LEA03,12,1.71,0
2025-09-30,S015,SKU_LEA03,15,1.71,0
2025-10-01,S015,SKU_LEA03,14,1.71,0
2025-10-02,S015,SKU_LEA03,7,1.71,0
2025-10-03,S015,SKU_LEA03,16,1.71,0
2025-10-04,S015,SKU_LEA03,13,1.71,0
2025-10-05,S015,SKU_LEA03,17,1.71,0
2025-10-06,S015,SKU_LEA03,16,1.53,1
2025-10-07,S015,SKU_LEA03,10,1.53,1
2025-10-08,S015,SKU_LEA03,17,1.53,1
2025-10-09,S015,SKU_LEA03,26,1.53,1
2025-10-10,S015,SKU_LEA03,19,1.53,1
2025-10-11,S015,SKU_LEA03,16,1.53,1
2025-10-12,S015,SKU_LEA03,14,1.53,1
2025-10-13,S015,SKU_LEA03,10,1.71,0
2025-10-14,S015,SKU_LEA03,15,1.71,0
