data/sales.csv
Date,StoreID,ProductID,QuantitySold,SalesPrice,HasPromotion
2025-09-22,S016,SKU_CIT01,14,2.1,0
2025-09-23,S016,SKU_CIT01,10,2.1,0
2025-09-24,S016,SKU_CIT01,14,2.1,0
2025-09-25,S016,SKU_CIT01,11,2.1,0
2025-09-26,S016,SKU_CIT01,10,2.1,0
2025-09-27,S016,SKU_CIT01,12,2.1,0
2025-09-28,S016,SKU_CIT01,15,2.1,0
2025-09-29,S016,SKU_CIT01,12,1.68,1
2025-09-30,S016,SKU_CIT01,12,1.68,1
2025-10-01,S016,SKU_CIT01,13,1.68,1
2025-10-02,S016,SKU_CIT01,7,1.68,1
2025-10-03,S016,SKU_CIT01,12,1.68,1
2025-10-04,S016,SKU_CIT01,4,1.68,1
2025-10-05,S016,SKU_CIT01,12,1.68,1
2025-10-06,S016,SKU_CIT01,9,2.1,0
2025-10-07,S016,SKU_CIT01,11,2.1,0
2025-10-08,S016,SKU_CIT01,9,2.1,0
2025-10-09,S016,SKU_CIT01,12,2.1,0
2025-10-10,S016,SKU_CIT01,9,2.1,0
2025-10-11,S016,SKU_CIT01,9,2.1,0
2025-10-12,S016,SKU_CIT01,7,2.1,0
2025-10-13,S016,SKU_CIT01,10,2.1,0
2025-10-14,S016,SKU_CIT01,5,2.1,0
2025-09-22,S016,SKU_CIT04,6,2.03,0
2025-09-23,S016,SKU_CIT04,6,2.03,0
2025-09-24,S016,SKU_CIT04,7,2.03,0
2025-09-25,S016,SKU_CIT04,8,2.03,0
2025-09-26,S016,SKU_CIT04,8,2.03,0
2025-09-27,S016,SKU_CIT04,8,2.03,0
2025-09-28,S016,SKU_CIT04,11,2.03,0
2025-09-29,S016,SKU_CIT04,11,1.83,1
2025-09-30,S016,SKU_CIT04,9,1.83,1
2025-10-01,S016,SKU_CIT04,7,1.83,1
2025-10-02,S016,SKU_CIT04,6,1.83,1
2025-10-03,S016,SKU_CIT04,9,1.83,1
2025-10-04,S016,SKU_CIT04,8,1.83,1
2025-10-05,S016,SKU_CIT04,11,1.83,1
2025-10-06,S016,SKU_CIT04,18,2.03,0
2025-10-07,S016,SKU_CIT04,10,2.03,0
2025-10-08,S016,SKU_CIT04,12,2.03,0
2025-10-09,S016,SKU_CIT04,9,2.03,0
2025-10-10,S016,SKU_CIT04,14,2.03,0
2025-10-11,S016,SKU_CIT04,8,2.03,0
2025-10-12,S016,SKU_CIT04,19,2.03,0
2025-10-13,S016,SKU_CIT04,9,2.03,0
2025-10-14,S016,SKU_CIT04,10,2.03,0
2025-09-22,S016,SKU_TOM01,14,2.14,0
2025-09-23,S016,SKU_TOM01,12,2.14,0
2025-09-24,S016,SKU_TOM01,16,2.14,0
2025-09-25,S016,SKU_TOM01,14,2.14,0
2025-09-26,S016,SKU_TOM01,19,2.14,0
2025-09-27,S016,SKU_TOM01,21,2.14,0
2025-09-28,S016,SKU_TOM01,14,2.14,0
2025-09-29,S016,SKU_TOM01,16,2.14,0
2025-09-30,S016,SKU_TOM01,15,2.14,0
2025-10-01,S016,SKU_TOM01,10,2.14,0
2025-10-02,S016,SKU_TOM01,17,2.14,0
2025-10-03,S016,SKU_TOM01,20,2.14,0
2025-10-04,S016,SKU_TOM01,20,2.14,0
2025-10-05,S016,SKU_TOM01,28,2.14,0
2025-10-06,S016,SKU_TOM01,24,1.6,1
2025-10-07,S016,SKU_TOM01,27,1.6,1
2025-10-08,S016,SKU_TOM01,20,1.6,1
2025-10-09,S016,SKU_TOM01,25,1.6,1
2025-10-10,S016,SKU_TOM01,24,1.6,1
2025-10-11,S016,SKU_TOM01,23,1.6,1
2025-10-12,S016,SKU_TOM01,16,1.6,1
2025-10-13,S016,SKU_TOM01,20,2.14,0
2025-10-14,S016,SKU_TOM01,19,2.14,0
2025-09-22,S016,SKU_TOM02,16,2.05,0
2025-09-23,S016,SKU_TOM02,27,2.05,0
2025-09-24,S016,SKU_TOM02,16,2.05,0
2025-09-25,S016,SKU_TOM02,14,2.05,0
2025-09-26,S016,SKU_TOM02,22,2.05,0
2025-09-27,S016,SKU_TOM02,22,2.05,0
2025-09-28,S016,SKU_TOM02,13,2.05,0
2025-09-29,S016,SKU_TOM02,14,2.05,0
2025-09-30,S016,SKU_TOM02,21,2.05,0
2025-10-01,S016,SKU_TOM02,11,2.05,0
2025-10-02,S016,SKU_TOM02,21,2.05,0
2025-10-03,S016,SKU_TOM02,19,2.05,0
2025-10-04,S016,SKU_TOM02,18,2.05,0
2025-10-05,S016,SKU_TOM02,14,2.05,0
2025-10-06,S016,SKU_TOM02,14,1.54,1
2025-10-07,S016,SKU_TOM02,20,1.54,1
2025-10-08,S016,SKU_TOM02,22,1.54,1
2025-10-09,S016,SKU_TOM02,19,1.54,1
2025-10-10,S016,SKU_TOM02,18,1.54,1
2025-10-11,S016,SKU_TOM02,27,1.54,1
2025-10-12,S016,SKU_TOM02,14,1.54,1
2025-10-13,S016,SKU_TOM02,13,2.05,0
2025-10-14,S016,SKU_TOM02,18,2.05,0
2025-09-22,S016,SKU_TOM03,13,2.28,0
2025-09-23,S016,SKU_TOM03,13,2.28,0
2025-09-24,S016,SKU_TOM03,17,2.28,0
2025-09-25,S016,SKU_TOM03,15,2.28,0
2025-09-26,S016,SKU_TOM03,14,2.28,0
2025-09-27,S016,SKU_TOM03,25,2.28,0
2025-09-28,S016,SKU_TOM03,18,2.28,0
2025-09-29,S016,SKU_TOM03,19,2.28,0
2025-09-30,S016,SKU_TOM03,20,2.28,0
2025-10-01,S016,SKU_TOM03,15,2.28,0
2025-10-02,S016,SKU_TOM03,19,2.28,0
2025-10-03,S016,SKU_TOM03,18,2.28,0
2025-10-04,S016,SKU_TOM03,16,2.28,0
2025-10-05,S016,SKU_TOM03,22,2.28,0
2025-10-06,S016,SKU_TOM03,15,2.05,1
2025-10-07,S016,SKU_TOM03,14,2.05,1
2025-10-08,S016,SKU_TOM03,14,2.05,1
2025-10-09,S016,SKU_TOM03,17,2.05,1
2025-10-10,S016,SKU_TOM03,28,2.05,1
2025-10-11,S016,SKU_TOM03,19,2.05,1
2025-10-12,S016,SKU_TOM03,23,2.05,1
2025-10-13,S016,SKU_TOM03,13,2.28,0
2025-10-14,S016,SKU_TOM03,15,2.28,0
2025-09-22,S016,SKU_ROO01,19,1.41,0
2025-09-23,S016,SKU_ROO01,12,1.41,0
2025-09-24,S016,SKU_ROO01,16,1.41,0
2025-09-25,S016,SKU_ROO01,11,1.41,0
2025-09-26,S016,SKU_ROO01,20,1.41,0
2025-09-27,S016,SKU_ROO01,13,1.41,0
2025-09-28,S016,SKU_ROO01,19,1.41,0
2025-09-29,S016,SKU_ROO01,17,1.41,0
2025-09-30,S016,SKU_ROO01,14,1.41,0
2025-10-01,S016,SKU_ROO01,13,1.41,0
2025-10-02,S016,SKU_ROO01,17,1.41,0
2025-10-03,S016,SKU_ROO01,12,1.41,0
2025-10-04,S016,SKU_ROO01,13,1.41,0
2025-10-05,S016,SKU_ROO01,16,1.41,0
2025-10-06,S016,SKU_ROO01,16,1.2,1
2025-10-07,S016,SKU_ROO01,17,1.2,1
2025-10-08,S016,SKU_ROO01,13,1.2,1
2025-10-09,S016,SKU_ROO01,18,1.2,1
2025-10-10,S016,SKU_ROO01,11,1.2,1
2025-10-11,S016,SKU_ROO01,14,1.2,1
2025-10-12,S016,SKU_ROO01,25,1.2,1
2025-10-13,S016,SKU_ROO01,19,1.41,0
2025-10-14,S016,SKU_ROO01,8,1.41,0
2025-09-22,S016,SKU_ROO02,24,1.57,0
2025-09-23,S016,SKU_ROO02,27,1.57,0
2025-09-24,S016,SKU_ROO02,14,1.57,0
2025-09-25,S016,SKU_ROO02,13,1.57,0
2025-09-26,S016,SKU_ROO02,19,1.57,0
2025-09-27,S016,SKU_ROO02,10,1.57,0
2025-09-28,S016,SKU_ROO02,17,1.57,0
2025-09-29,S016,SKU_ROO02,12,1.41,1
2025-09-30,S016,SKU_ROO02,10,1.41,1
2025-10-01,S016,SKU_ROO02,22,1.41,1
2025-10-02,S016,SKU_ROO02,21,1.41,1
2025-10-03,S016,SKU_ROO02,14,1.41,1
2025-10-04,S016,SKU_ROO02,15,1.41,1
2025-10-05,S016,SKU_ROO02,20,1.41,1
2025-10-06,S016,SKU_ROO02,10,1.57,0
2025-10-07,S016,SKU_ROO02,14,1.57,0
2025-10-08,S016,SKU_ROO02,14,1.57,0
2025-10-09,S016,SKU_ROO02,19,1.57,0
2025-10-10,S016,SKU_ROO02,17,1.57,0
2025-10-11,S016,SKU_ROO02,12,1.57,0
2025-10-12,S016,SKU_ROO02,16,1.57,0
2025-10-13,S016,SKU_ROO02,21,1.57,0
2025-10-14,S016,SKU_ROO02,8,1.57,0
2025-09-22,S016,SKU_ROO03,16,1.53,0
2025-09-23,S016,SKU_ROO03,10,1.53,0
2025-09-24,S016,SKU_ROO03,17,1.53,0
2025-09-25,S016,SKU_ROO03,11,1.53,0
2025-09-26,S016,SKU_ROO03,16,1.53,0
2025-09-27,S016,SKU_ROO03,27,1.53,0
2025-09-28,S016,SKU_ROO03,21,1.53,0
2025-09-29,S016,SKU_ROO03,12,1.53,0
2025-09-30,S016,SKU_ROO03,12,1.53,0
2025-10-01,S016,SKU_ROO03,10,1.53,0
2025-10-02,S016,SKU_ROO03,12,1.53,0
2025-10-03,S016,SKU_ROO03,18,1.53,0
2025-10-04,S016,SKU_ROO03,10,1.53,0
2025-10-05,S016,SKU_ROO03,15,1.53,0
2025-10-06,S016,SKU_ROO03,16,1.23,1
2025-10-07,S016,SKU_ROO03,11,1.23,1
2025-10-08,S016,SKU_ROO03,21,1.23,1
2025-10-09,S016,SKU_ROO03,19,1.23,1
2025-10-10,S016,SKU_ROO03,21,1.23,1
2025-10-11,S016,SKU_ROO03,23,1.23,1
2025-10-12,S016,SKU_ROO03,16,1.23,1
2025-10-13,S016,SKU_ROO03,11,1.53,0
2025-10-14,S016,SKU_ROO03,16,1.53,0
2025-09-22,S017,SKU_BER04,9,2.43,0
2025-09-23,S017,SKU_BER04,10,2.43,0
2025-09-24,S017,SKU_BER04,13,2.43,0
2025-09-25,S017,SKU_BER04,20,2.43,0
2025-09-26,S017,SKU_BER04,6,2.43,0
2025-09-27,S017,SKU_BER04,18,2.43,0
2025-09-28,S017,SKU_BER04,11,2.43,0
2025-09-29,S017,SKU_BER04,11,2.18,1
2025-09-30,S017,SKU_BER04,13,2.18,1
2025-10-01,S017,SKU_BER04,9,2.18,1
2025-10-02,S017,SKU_BER04,17,2.18,1
2025-10-03,S017,SKU_BER04,11,2.18,1
2025-10-04,S017,SKU_BER04,7,2.18,1
2025-10-05,S017,SKU_BER04,23,2.18,1
2025-10-06,S017,SKU_BER04,19,2.43,0
2025-10-07,S017,SKU_BER04,9,2.43,0
2025-10-08,S017,SKU_BER04,13,2.43,0
2025-10-09,S017,SKU_BER04,15,2.43,0
2025-10-10,S017,SKU_BER04,11,2.43,0
2025-10-11,S017,SKU_BER04,12,2.43,0
2025-10-12,S017,SKU_BER04,8,2.43,0
2025-10-13,S017,SKU_BER04,8,2.43,0
2025-10-14,S017,SKU_BER04,10,2.43,0
2025-09-22,S017,SKU_LEA02,17,1.71,0
2025-09-23,S017,SKU_LEA02,14,1.71,0
2025-09-24,S017,SKU_LEA02,12,1.71,0
2025-09-25,S017,SKU_LEA02,17,1.71,0
2025-09-26,S017,SKU_LEA02,17,1.71,0
2025-09-27,S017,SKU_LEA02,11,1.71,0
2025-09-28,S017,SKU_LEA02,10,1.71,0
2025-09-29,S017,SKU_LEA02,21,1.37,1
2025-09-30,S017,SKU_LEA02,11,1.37,1
2025-10-01,S017,SKU_LEA02,12,1.37,1
2025-10-02,S017,SKU_LEA02,14,1.37,1
2025-10-03,S017,SKU_LEA02,10,1.37,1
2025-10-04,S017,SKU_LEA02,16,1.37,1
2025-10-05,S017,SKU_LEA02,14,1.37,1
2025-10-06,S017,SKU_LEA02,14,1.71,0
2025-10-07,S017,SKU_LEA02,9,1.71,0
2025-10-08,S017,SKU_LEA02,12,1.71,0
2025-10-09,S017,SKU_LEA02,14,1.71,0
2025-10-10,S017,SKU_LEA02,13,1.71,0
2025-10-11,S017,SKU_LEA02,13,1.71,0
2025-10-12,S017,SKU_LEA02,12,1.71,0
2025-10-13,S017,SKU_LEA02,15,1.71,0
2025-10-14,S017,SKU_LEA02,13,1.71,0
2025-09-22,S017,SKU_LEA03,12,1.71,0
2025-09-23,S017,SKU_LEA03,8,1.71,0
2025-09-24,S017,SKU_LEA03,9,1.71,0
2025-09-25,S017,SKU_LEA03,12,1.71,0
2025-09-26,S017,SKU_LEA03,12,1.71,0
2025-09-27,S017,SKU_LEA03,14,1.71,0
2025-09-28,S017,SKU_LEA03,16,1.71,0
2025-09-29,S017,SKU_LEA03,12,1.71,0
2025-09-30,S017,SKU_LEA03,17,1.71,0
2025-10-01,S017,SKU_LEA03,18,1.71,0
2025-10-02,S017,SKU_LEA03,19,1.71,0
2025-10-03,S017,SKU_LEA03,15,1.71,0
2025-10-04,S017,SKU_LEA03,14,1.71,0
2025-10-05,S017,SKU_LEA03,22,1.71,0
2025-10-06,S017,SKU_LEA03,7,1.53,1
2025-10-07,S017,SKU_LEA03,16,1.53,1
2025-10-08,S017,SKU_LEA03,14,1.53,1
2025-10-09,S017,SKU_LEA03,15,1.53,1
2025-10-10,S017,SKU_LEA03,20,1.53,1
2025-10-11,S017,SKU_LEA03,20,1.53,1
2025-10-12,S017,SKU_LEA03,23,1.53,1
2025-10-13,S017,SKU_LEA03,10,1.71,0
2025-10-14,S017,SKU_LEA03,19,1.71,0
2025-09-22,S017,SKU_LEA04,6,1.88,0
2025-09-23,S017,SKU_LEA04,13,1.88,0
2025-09-24,S017,SKU_LEA04,8,1.88,0
2025-09-25,S017,SKU_LEA04,16,1.88,0
2025-09-26,S017,SKU_LEA04,12,1.88,0
2025-09-27,S017,SKU_LEA04,17,1.88,0
2025-09-28,S017,SKU_LEA04,19,1.88,0
2025-09-29,S017,SKU_LEA04,12,1.6,1
2025-09-30,S017,SKU_LEA04,15,1.6,1
2025-10-01,S017,SKU_LEA04,10,1.6,1
2025-10-02,S017,SKU_LEA04,20,1.6,1
2025-10-03,S017,SKU_LEA04,16,1.6,1
2025-10-04,S017,SKU_LEA04,22,1.6,1
2025-10-05,S017,SKU_LEA04,15,1.6,1
2025-10-06,S017,SKU_LEA04,10,1.88,0
2025-10-07,S017,SKU_LEA04,13,1.88,0
2025-10-08,S017,SKU_LEA04,11,1.88,0
2025-10-09,S017,SKU_LEA04,14,1.88,0
2025-10-10,S017,SKU_LEA04,17,1.88,0
2025-10-11,S017,SKU_LEA04,21,1.88,0
2025-10-12,S017,SKU_LEA04,15,1.88,0
2025-10-13,S017,SKU_LEA04,13,1.88,0
2025-10-14,S017,SKU_LEA04,10,1.88,0
2025-09-22,S017,SKU_BAN01,13,1.17,0
2025-09-23,S017,SKU_BAN01,22,1.17,0
2025-09-24,S017,SKU_BAN01,12,1.17,0
2025-09-25,S017,SKU_BAN01,12,1.17,0
2025-09-26,S017,SKU_BAN01,14,1.17,0
2025-09-27,S017,SKU_BAN01,22,1.17,0
2025-09-28,S017,SKU_BAN01,13,1.17,0
2025-09-29,S017,SKU_BAN01,25,0.99,1
2025-09-30,S017,SKU_BAN01,18,0.99,1
2025-10-01,S017,SKU_BAN01,13,0.99,1
2025-10-02,S017,SKU_BAN01,21,0.99,1
2025-10-03,S017,SKU_BAN01,27,0.99,1
2025-10-04,S017,SKU_BAN01,25,0.99,1
2025-10-05,S017,SKU_BAN01,18,0.99,1
2025-10-06,S017,SKU_BAN01,20,1.17,0
2025-10-07,S017,SKU_BAN01,10,1.17,0
2025-10-08,S017,SKU_BAN01,16,1.17,0
2025-10-09,S017,SKU_BAN01,13,1.17,0
2025-10-10,S017,SKU_BAN01,22,1.17,0
2025-10-11,S017,SKU_BAN01,16,1.17,0
2025-10-12,S017,SKU_BAN01,24,1.17,0
2025-10-13,S017,SKU_BAN01,18,1.17,0
2025-10-14,S017,SKU_BAN01,24,1.17,0
2025-09-22,S017,SKU_BAN02,20,1.23,0
2025-09-23,S017,SKU_BAN02,20,1.23,0
2025-09-24,S017,SKU_BAN02,23,1.23,0
2025-09-25,S017,SKU_BAN02,12,1.23,0
2025-09-26,S017,SKU_BAN02,29,1.23,0
2025-09-27,S017,SKU_BAN02,24,1.23,0
2025-09-28,S017,SKU_BAN02,13,1.23,0
2025-09-29,S017,SKU_BAN02,16,1.23,0
2025-09-30,S017,SKU_BAN02,21,1.23,0
2025-10-01,S017,SKU_BAN02,16,1.23,0
2025-10-02,S017,SKU_BAN02,19,1.23,0
2025-10-03,S017,SKU_BAN02,16,1.23,0
2025-10-04,S017,SKU_BAN02,21,1.23,0
2025-10-05,S017,SKU_BAN02,16,1.23,0
2025-10-06,S017,SKU_BAN02,17,0.92,1
2025-10-07,S017,SKU_BAN02,22,0.92,1
2025-10-08,S017,SKU_BAN02,21,0.92,1
2025-10-09,S017,SKU_BAN02,20,0.92,1
2025-10-10,S017,SKU_BAN02,25,0.92,1
2025-10-11,S017,SKU_BAN02,16,0.92,1
2025-10-12,S017,SKU_BAN02,26,0.92,1
2025-10-13,S017,SKU_BAN02,21,1.23,0
2025-10-14,S017,SKU_BAN02,18,1.23,0
2025-09-22,S017,SKU_BAN03,22,1.22,0
2025-09-23,S017,SKU_BAN03,27,1.22,0
2025-09-24,S017,SKU_BAN03,20,1.22,0
2025-09-25,S017,SKU_BAN03,17,1.22,0
2025-09-26,S017,SKU_BAN03,10,1.22,0
2025-09-27,S017,SKU_BAN03,22,1.22,0
2025-09-28,S017,SKU_BAN03,21,1.22,0
2025-09-29,S017,SKU_BAN03,18,0.92,1
2025-09-30,S017,SKU_BAN03,24,0.92,1
2025-10-01,S017,SKU_BAN03,24,0.92,1
2025-10-02,S017,SKU_BAN03,16,0.92,1
2025-10-03,S017,SKU_BAN03,19,0.92,1
2025-10-04,S017,SKU_BAN03,24,0.92,1
2025-10-05,S017,SKU_BAN03,23,0.92,1
2025-10-06,S017,SKU_BAN03,15,1.22,0
2025-10-07,S017,SKU_BAN03,19,1.22,0
2025-10-08,S017,SKU_BAN03,14,1.22,0
2025-10-09,S017,SKU_BAN03,18,1.22,0
2025-10-10,S017,SKU_BAN03,13,1.22,0
2025-10-11,S017,SKU_BAN03,21,1.22,0
2025-10-12,S017,SKU_BAN03,22,1.22,0
2025-10-13,S017,SKU_BAN03,13,1.22,0
2025-10-14,S017,SKU_BAN03,12,1.22,0
2025-09-22,S017,SKU_BAN04,18,1.06,0
2025-09-23,S017,SKU_BAN04,19,1.06,0
2025-09-24,S017,SKU_BAN04,23,1.06,0
2025-09-25,S017,SKU_BAN04,23,1.06,0
2025-09-26,S017,SKU_BAN04,19,1.06,0
2025-09-27,S017,SKU_BAN04,25,1.06,0
2025-09-28,S017,SKU_BAN04,19,1.06,0
2025-09-29,S017,SKU_BAN04,23,0.85,1
2025-09-30,S017,SKU_BAN04,24,0.85,1
2025-10-01,S017,SKU_BAN04,20,0.85,1
2025-10-02,S017,SKU_BAN04,21,0.85,1
2025-10-03,S017,SKU_BAN04,23,0.85,1
2025-10-04,S017,SKU_BAN04,25,0.85,1
2025-10-05,S017,SKU_BAN04,14,0.85,1
2025-10-06,S017,SKU_BAN04,13,1.06,0
2025-10-07,S017,SKU_BAN04,13,1.06,0
2025-10-08,S017,SKU_BAN04,19,1.06,0
2025-10-09,S017,SKU_BAN04,20,1.06,0
2025-10-10,S017,SKU_BAN04,16,1.06,0
2025-10-11,S017,SKU_BAN04,15,1.06,0
2025-10-12,S017,SKU_BAN04,13,1.06,0
2025-10-13,S017,SKU_BAN04,21,1.06,0
2025-10-14,S017,SKU_BAN04,27,1.06,0
2025-09-22,S017,SKU_CIT01,7,2.1,0
2025-09-23,S017,SKU_CIT01,11,2.1,0
2025-09-24,S017,SKU_CIT01,11,2.1,0
2025-09-25,S017,SKU_CIT01,9,2.1,0
2025-09-26,S017,SKU_CIT01,7,2.1,0
2025-09-27,S017,SKU_CIT01,9,2.1,0
2025-09-28,S017,SKU_CIT01,13,2.1,0
2025-09-29,S017,SKU_CIT01,17,1.68,1
2025-09-30,S017,SKU_CIT01,5,1.68,1
2025-10-01,S017,SKU_CIT01,11,1.68,1
2025-10-02,S017,SKU_CIT01,8,1.68,1
2025-10-03,S017,SKU_CIT01,11,1.68,1
2025-10-04,S017,SKU_CIT01,13,1.68,1
2025-10-05,S017,SKU_CIT01,14,1.68,1
2025-10-06,S017,SKU_CIT01,11,2.1,0
2025-10-07,S017,SKU_CIT01,3,2.1,0
2025-10-08,S017,SKU_CIT01,8,2.1,0
2025-10-09,S017,SKU_CIT01,6,2.1,0
2025-10-10,S017,SKU_CIT01,8,2.1,0
2025-10-11,S017,SKU_CIT01,10,2.1,0
2025-10-12,S017,SKU_CIT01,9,2.1,0
2025-10-13,S017,SKU_CIT01,10,2.1,0
2025-10-14,S017,SKU_CIT01,8,2.1,0
2025-09-22,S017,SKU_CIT04,13,2.03,0
2025-09-23,S017,SKU_CIT04,15,2.03,0
2025-09-24,S017,SKU_CIT04,8,2.03,0
2025-09-25,S017,SKU_CIT04,6,2.03,0
2025-09-26,S017,SKU_CIT04,11,2.03,0
2025-09-27,S017,SKU_CIT04,7,2.03,0
2025-09-28,S017,SKU_CIT04,10,2.03,0
2025-09-29,S017,SKU_CIT04,3,1.83,1
2025-09-30,S017,SKU_CIT04,8,1.83,1
2025-10-01,S017,SKU_CIT04,12,1.83,1
2025-10-02,S017,SKU_CIT04,10,1.83,1
2025-10-03,S017,SKU_CIT04,12,1.83,1
2025-10-04,S017,SKU_CIT04,11,1.83,1
2025-10-05,S017,SKU_CIT04,12,1.83,1
2025-10-06,S017,SKU_CIT04,9,2.03,0
2025-10-07,S017,SKU_CIT04,11,2.03,0
2025-10-08,S017,SKU_CIT04,9,2.03,0
2025-10-09,S017,SKU_CIT04,5,2.03,0
2025-10-10,S017,SKU_CIT04,12,2.03,0
2025-10-11,S017,SKU_CIT04,11,2.03,0
2025-10-12,S017,SKU_CIT04,14,2.03,0
2025-10-13,S017,SKU_CIT04,8,2.03,0
2025-10-14,S017,SKU_CIT04,7,2.03,0
2025-09-22,S017,SKU_TOM01,19,2.14,0
2025-09-23,S017,SKU_TOM01,22,2.14,0
2025-09-24,S017,SKU_TOM01,29,2.14,0
2025-09-25,S017,SKU_TOM01,17,2.14,0
2025-09-26,S017,SKU_TOM01,18,2.14,0
2025-09-27,S017,SKU_TOM01,19,2.14,0
2025-09-28,S017,SKU_TOM01,19,2.14,0
2025-09-29,S017,SKU_TOM01,15,2.14,0
2025-09-30,S017,SKU_TOM01,13,2.14,0
2025-10-01,S017,SKU_TOM01,18,2.14,0
2025-10-02,S017,SKU_TOM01,17,2.14,0
2025-10-03,S017,SKU_TOM01,18,2.14,0
2025-10-04,S017,SKU_TOM01,19,2.14,0
2025-10-05,S017,SKU_TOM01,17,2.14,0
2025-10-06,S017,SKU_TOM01,22,1.6,1
2025-10-07,S017,SKU_TOM01,21,1.6,1
2025-10-08,S017,SKU_TOM01,22,1.6,1
2025-10-09,S017,SKU_TOM01,23,1.6,1
2025-10-10,S017,SKU_TOM01,13,1.6,1
2025-10-11,S017,SKU_TOM01,26,1.6,1
2025-10-12,S017,SKU_TOM01,18,1.6,1
2025-10-13,S017,SKU_TOM01,15,2.14,0
2025-10-14,S017,SKU_TOM01,25,2.14,0
2025-09-22,S017,SKU_TOM02,19,2.05,0
2025-09-23,S017,SKU_TOM02,13,2.05,0
2025-09-24,S017,SKU_TOM02,13,2.05,0
2025-09-25,S017,SKU_TOM02,13,2.05,0
2025-09-26,S017,SKU_TOM02,19,2.05,0
2025-09-27,S017,SKU_TOM02,16,2.05,0
2025-09-28,S017,SKU_TOM02,22,2.05,0
2025-09-29,S017,SKU_TOM02,21,2.05,0
2025-09-30,S017,SKU_TOM02,21,2.05,0
2025-10-01,S017,SKU_TOM02,17,2.05,0
2025-10-02,S017,SKU_TOM02,20,2.05,0
2025-10-03,S017,SKU_TOM02,14,2.05,0
2025-10-04,S017,SKU_TOM02,11,2.05,0
2025-10-05,S017,SKU_TOM02,16,2.05,0
2025-10-06,S017,SKU_TOM02,17,1.54,1
2025-10-07,S017,SKU_TOM02,13,1.54,1
2025-10-08,S017,SKU_TOM02,13,1.54,1
2025-10-09,S017,SKU_TOM02,13,1.54,1
2025-10-10,S017,SKU_TOM02,17,1.54,1
2025-10-11,S017,SKU_TOM02,14,1.54,1
2025-10-12,S017,SKU_TOM02,32,1.54,1
2025-10-13,S017,SKU_TOM02,15,2.05,0
2025-10-14,S017,SKU_TOM02,12,2.05,0
2025-09-22,S017,SKU_TOM03,17,2.28,0
2025-09-23,S017,SKU_TOM03,19,2.28,0
2025-09-24,S017,SKU_TOM03,26,2.28,0
2025-09-25,S017,SKU_TOM03,18,2.28,0
2025-09-26,S017,SKU_TOM03,20,2.28,0
2025-09-27,S017,SKU_TOM03,21,2.28,0
2025-09-28,S017,SKU_TOM03,23,2.28,0
2025-09-29,S017,SKU_TOM03,10,2.28,0
2025-09-30,S017,SKU_TOM03,14,2.28,0
2025-10-01,S017,SKU_TOM03,15,2.28,0
2025-10-02,S017,SKU_TOM03,24,2.28,0
2025-10-03,S017,SKU_TOM03,17,2.28,0
2025-10-04,S017,SKU_TOM03,19,2.28,0
2025-10-05,S017,SKU_TOM03,15,2.28,0
2025-10-06,S017,SKU_TOM03,23,2.05,1
2025-10-07,S017,SKU_TOM03,20,2.05,1
2025-10-08,S017,SKU_TOM03,11,2.05,1
2025-10-09,S017,SKU_TOM03,18,2.05,1
2025-10-10,S017,SKU_TOM03,14,2.05,1
2025-10-11,S017,SKU_TOM03,16,2.05,1
2025-10-12,S017,SKU_TOM03,19,2.05,1
2025-10-13,S017,SKU_TOM03,15,2.28,0
2025-10-14,S017,SKU_TOM03,20,2.28,0
