data/sales.csv
Date,StoreID,ProductID,QuantitySold,SalesPrice,HasPromotion
2025-09-22,S020,SKU_BAN04,17,1.06,0
2025-09-23,S020,SKU_BAN04,22,1.06,0
2025-09-24,S020,SKU_BAN04,10,1.06,0
2025-09-25,S020,SKU_BAN04,12,1.06,0
2025-09-26,S020,SKU_BAN04,16,1.06,0
2025-09-27,S020,SKU_BAN04,20,1.06,0
2025-09-28,S020,SKU_BAN04,28,1.06,0
2025-09-29,S020,SKU_BAN04,16,0.85,1
2025-09-30,S020,SKU_BAN04,13,0.85,1
2025-10-01,S020,SKU_BAN04,20,0.85,1
2025-10-02,S020,SKU_BAN04,22,0.85,1
2025-10-03,S020,SKU_BAN04,18,0.85,1
2025-10-04,S020,SKU_BAN04,31,0.85,1
2025-10-05,S020,SKU_BAN04,16,0.85,1
2025-10-06,S020,SKU_BAN04,21,1.06,0
2025-10-07,S020,SKU_BAN04,20,1.06,0
2025-10-08,S020,SKU_BAN04,20,1.06,0
2025-10-09,S020,SKU_BAN04,21,1.06,0
2025-10-10,S020,SKU_BAN04,17,1.06,0
2025-10-11,S020,SKU_BAN04,14,1.06,0
2025-10-12,S020,SKU_BAN04,17,1.06,0
2025-10-13,S020,SKU_BAN04,8,1.06,0
2025-10-14,S020,SKU_BAN04,12,1.06,0
2025-09-22,S020,SKU_CIT01,8,2.1,0
2025-09-23,S020,SKU_CIT01,9,2.1,0
2025-09-24,S020,SKU_CIT01,12,2.1,0
2025-09-25,S020,SKU_CIT01,13,2.1,0
2025-09-26,S020,SKU_CIT01,3,2.1,0
2025-09-27,S020,SKU_CIT01,11,2.1,0
2025-09-28,S020,SKU_CIT01,7,2.1,0
2025-09-29,S020,SKU_CIT01,5,1.68,1
2025-09-30,S020,SKU_CIT01,13,1.68,1
2025-10-01,S020,SKU_CIT01,16,1.68,1
2025-10-02,S020,SKU_CIT01,5,1.68,1
2025-10-03,S020,SKU_CIT01,11,1.68,1
2025-10-04,S020,SKU_CIT01,9,1.68,1
2025-10-05,S020,SKU_CIT01,7,1.68,1
2025-10-06,S020,SKU_CIT01,10,2.1,0
2025-10-07,S020,SKU_CIT01,10,2.1,0
2025-10-08,S020,SKU_CIT01,12,2.1,0
2025-10-09,S020,SKU_CIT01,10,2.1,0
2025-10-10,S020,SKU_CIT01,10,2.1,0
2025-10-11,S020,SKU_CIT01,6,2.1,0
2025-10-12,S020,SKU_CIT01,10,2.1,0
2025-10-13,S020,SKU_CIT01,9,2.1,0
2025-10-14,S020,SKU_CIT01,7,2.1,0
2025-09-22,S020,SKU_CIT04,8,2.03,0
2025-09-23,S020,SKU_CIT04,8,2.03,0
2025-09-24,S020,SKU_CIT04,7,2.03,0
2025-09-25,S020,SKU_CIT04,11,2.03,0
2025-09-26,S020,SKU_CIT04,10,2.03,0
2025-09-27,S020,SKU_CIT04,10,2.03,0
2025-09-28,S020,SKU_CIT04,16,2.03,0
2025-09-29,S020,SKU_CIT04,9,1.83,1
2025-09-30,S020,SKU_CIT04,12,1.83,1
2025-10-01,S020,SKU_CIT04,14,1.83,1
2025-10-02,S020,SKU_CIT04,7,1.83,1
2025-10-03,S020,SKU_CIT04,14,1.83,1
2025-10-04,S020,SKU_CIT04,8,1.83,1
2025-10-05,S020,SKU_CIT04,11,1.83,1
2025-10-06,S020,SKU_CIT04,11,2.03,0
2025-10-07,S020,SKU_CIT04,11,2.03,0
2025-10-08,S020,SKU_CIT04,8,2.03,0
2025-10-09,S020,SKU_CIT04,11,2.03,0
2025-10-10,S020,SKU_CIT04,8,2.03,0
2025-10-11,S020,SKU_CIT04,10,2.03,0
2025-10-12,S020,SKU_CIT04,6,2.03,0
2025-10-13,S020,SKU_CIT04,10,2.03,0
2025-10-14,S020,SKU_CIT04,5,2.03,0
2025-09-22,S020,SKU_TOM01,14,2.14,0
2025-09-23,S020,SKU_TOM01,22,2.14,0
2025-09-24,S020,SKU_TOM01,16,2.14,0
2025-09-25,S020,SKU_TOM01,19,2.14,0
2025-09-26,S020,SKU_TOM01,15,2.14,0
2025-09-27,S020,SKU_TOM01,22,2.14,0
2025-09-28,S020,SKU_TOM01,21,2.14,0
2025-09-29,S020,SKU_TOM01,12,2.14,0
2025-09-30,S020,SKU_TOM01,18,2.14,0
2025-10-01,S020,SKU_TOM01,23,2.14,0
2025-10-02,S020,SKU_TOM01,17,2.14,0
2025-10-03,S020,SKU_TOM01,18,2.14,0
2025-10-04,S020,SKU_TOM01,16,2.14,0
2025-10-05,S020,SKU_TOM01,22,2.14,0
2025-10-06,S020,SKU_TOM01,16,1.6,1
2025-10-07,S020,SKU_TOM01,17,1.6,1
2025-10-08,S020,SKU_TOM01,16,1.6,1
2025-10-09,S020,SKU_TOM01,20,1.6,1
2025-10-10,S020,SKU_TOM01,20,1.6,1
2025-10-11,S020,SKU_TOM01,15,1.6,1
2025-10-12,S020,SKU_TOM01,25,1.6,1
2025-10-13,S020,SKU_TOM01,16,2.14,0
2025-10-14,S020,SKU_TOM01,18,2.14,0
2025-09-22,S020,SKU_TOM02,21,2.05,0
2025-09-23,S020,SKU_TOM02,18,2.05,0
2025-09-24,S020,SKU_TOM02,26,2.05,0
2025-09-25,S020,SKU_TOM02,12,2.05,0
2025-09-26,S020,SKU_TOM02,17,2.05,0
2025-09-27,S020,SKU_TOM02,14,2.05,0
2025-09-28,S020,SKU_TOM02,24,2.05,0
2025-09-29,S020,SKU_TOM02,9,2.05,0
2025-09-30,S020,SKU_TOM02,17,2.05,0
2025-10-01,S020,SKU_TOM02,22,2.05,0
2025-10-02,S020,SKU_TOM02,19,2.05,0
2025-10-03,S020,SKU_TOM02,22,2.05,0
2025-10-04,S020,SKU_TOM02,26,2.05,0
2025-10-05,S020,SKU_TOM02,22,2.05,0
2025-10-06,S020,SKU_TOM02,17,1.54,1
2025-10-07,S020,SKU_TOM02,21,1.54,1
2025-10-08,S020,SKU_TOM02,14,1.54,1
2025-10-09,S020,SKU_TOM02,15,1.54,1
2025-10-10,S020,SKU_TOM02,20,1.54,1
2025-10-11,S020,SKU_TOM02,24,1.54,1
2025-10-12,S020,SKU_TOM02,14,1.54,1
2025-10-13,S020,SKU_TOM02,22,2.05,0
2025-10-14,S020,SKU_TOM02,19,2.05,0
2025-09-22,S020,SKU_TOM03,12,2.28,0
2025-09-23,S020,SKU_TOM03,19,2.28,0
2025-09-24,S020,SKU_TOM03,15,2.28,0
2025-09-25,S020,SKU_TOM03,22,2.28,0
2025-09-26,S020,SKU_TOM03,12,2.28,0
2025-09-27,S020,SKU_TOM03,22,2.28,0
2025-09-28,S020,SKU_TOM03,15,2.28,0
2025-09-29,S020,SKU_TOM03,16,2.28,0
2025-09-30,S020,SKU_TOM03,20,2.28,0
2025-10-01,S020,SKU_TOM03,13,2.28,0
2025-10-02,S020,SKU_TOM03,16,2.28,0
2025-10-03,S020,SKU_TOM03,25,2.28,0
2025-10-04,S020,SKU_TOM03,21,2.28,0
2025-10-05,S020,SKU_TOM03,20,2.28,0
2025-10-06,S020,SKU_TOM03,16,2.05,1
2025-10-07,S020,SKU_TOM03,14,2.05,1
2025-10-08,S020,SKU_TOM03,18,2.05,1
2025-10-09,S020,SKU_TOM03,16,2.05,1
2025-10-10,S020,SKU_TOM03,18,2.05,1
2025-10-11,S020,SKU_TOM03,17,2.05,1
2025-10-12,S020,SKU_TOM03,19,2.05,1
2025-10-13,S020,SKU_TOM03,20,2.28,0
2025-10-14,S020,SKU_TOM03,24,2.28,0
2025-09-22,S020,SKU_ROO01,14,1.41,0
2025-09-23,S020,SKU_ROO01,13,1.41,0
2025-09-24,S020,SKU_ROO01,11,1.41,0
2025-09-25,S020,SKU_ROO01,17,1.41,0
2025-09-26,S020,SKU_ROO01,18,1.41,0
2025-09-27,S020,SKU_ROO01,12,1.41,0
2025-09-28,S020,SKU_ROO01,16,1.41,0
2025-09-29,S020,SKU_ROO01,19,1.41,0
2025-09-30,S020,SKU_ROO01,12,1.41,0
2025-10-01,S020,SKU_ROO01,11,1.41,0
2025-10-02,S020,SKU_ROO01,25,1.41,0
2025-10-03,S020,SKU_ROO01,13,1.41,0
2025-10-04,S020,SKU_ROO01,21,1.41,0
2025-10-05,S020,SKU_ROO01,11,1.41,0
2025-10-06,S020,SKU_ROO01,17,1.2,1
2025-10-07,S020,SKU_ROO01,14,1.2,1
2025-10-08,S020,SKU_ROO01,16,1.2,1
2025-10-09,S020,SKU_ROO01,13,1.2,1
2025-10-10,S020,SKU_ROO01,25,1.2,1
2025-10-11,S020,SKU_ROO01,19,1.2,1
2025-10-12,S020,SKU_ROO01,18,1.2,1
2025-10-13,S020,SKU_ROO01,18,1.41,0
2025-10-14,S020,SKU_ROO01,18,1.41,0
2025-09-22,S020,SKU_ROO02,16,1.57,0
2025-09-23,S020,SKU_ROO02,11,1.57,0
2025-09-24,S020,SKU_ROO02,14,1.57,0
2025-09-25,S020,SKU_ROO02,12,1.57,0
2025-09-26,S020,SKU_ROO02,13,1.57,0
2025-09-27,S020,SKU_ROO02,13,1.57,0
2025-09-28,S020,SKU_ROO02,19,1.57,0
2025-09-29,S020,SKU_ROO02,17,1.41,1
2025-09-30,S020,SKU_ROO02,16,1.41,1
2025-10-01,S020,SKU_ROO02,21,1.41,1
2025-10-02,S020,SKU_ROO02,15,1.41,1
2025-10-03,S020,SKU_ROO02,24,1.41,1
2025-10-04,S020,SKU_ROO02,6,1.41,1
2025-10-05,S020,SKU_ROO02,14,1.41,1
2025-10-06,S020,SKU_ROO02,17,1.57,0
2025-10-07,S020,SKU_ROO02,10,1.57,0
2025-10-08,S020,SKU_ROO02,16,1.57,0
2025-10-09,S020,SKU_ROO02,16,1.57,0
2025-10-10,S020,SKU_ROO02,13,1.57,0
2025-10-11,S020,SKU_ROO02,22,1.57,0
2025-10-12,S020,SKU_ROO02,12,1.57,0
2025-10-13,S020,SKU_ROO02,20,1.57,0
2025-10-14,S020,SKU_ROO02,11,1.57,0
2025-09-22,S020,SKU_ROO03,11,1.53,0
2025-09-23,S020,SKU_ROO03,15,1.53,0
2025-09-24,S020,SKU_ROO03,9,1.53,0
2025-09-25,S020,SKU_ROO03,13,1.53,0
2025-09-26,S020,SKU_ROO03,7,1.53,0
2025-09-27,S020,SKU_ROO03,13,1.53,0
2025-09-28,S020,SKU_ROO03,13,1.53,0
2025-09-29,S020,SKU_ROO03,11,1.53,0
2025-09-30,S020,SKU_ROO03,12,1.53,0
2025-10-01,S020,SKU_ROO03,18,1.53,0
2025-10-02,S020,SKU_ROO03,17,1.53,0
2025-10-03,S020,SKU_ROO03,17,1.53,0
2025-10-04,S020,SKU_ROO03,18,1.53,0
2025-10-05,S020,SKU_ROO03,14,1.53,0
2025-10-06,S020,SKU_ROO03,20,1.23,1
2025-10-07,S020,SKU_ROO03,12,1.23,1
2025-10-08,S020,SKU_ROO03,9,1.23,1
2025-10-09,S020,SKU_ROO03,12,1.23,1
2025-10-10,S020,SKU_ROO03,16,1.23,1
2025-10-11,S020,SKU_ROO03,17,1.23,1
2025-10-12,S020,SKU_ROO03,17,1.23,1
2025-10-13,S020,SKU_ROO03,16,1.53,0
2025-10-14,S020,SKU_ROO03,23,1.53,0
